[    0.000000] Booting Linux on physical CPU 0x0
[    0.000000] Linux version 4.9.103+ (codespace@codespaces-829682) (gcc version 8.2.1 20180802 (GNU Toolchain for the A-profile Architecture 8.2-2018-08 (arm-rel-8.23)) ) #4 SMP PREEMPT Wed Jan 31 20:54:55 UTC 2024
[    0.000000] Boot CPU: AArch64 Processor [517f803c]
[    0.000000] Machine: comma tici
[    0.000000] earlycon: msm_geni_serial0 at MMIO 0x0000000000a84000 (options '')
[    0.000000] bootconsole [msm_geni_serial0] enabled
[    0.000000] efi: Getting EFI parameters from FDT:
[    0.000000] efi: UEFI not found.
[    0.000000] Reserved memory: created CMA memory pool at 0x00000000fdc00000, size 32 MiB
[    0.000000] OF: reserved mem: initialized node linux,cma, compatible id shared-dma-pool
[    0.000000] Reserved memory: created CMA memory pool at 0x00000000fcc00000, size 16 MiB
[    0.000000] OF: reserved mem: initialized node adsp_region, compatible id shared-dma-pool
[    0.000000] Reserved memory: created CMA memory pool at 0x00000000f7000000, size 92 MiB
[    0.000000] OF: reserved mem: initialized node secure_display_region, compatible id shared-dma-pool
[    0.000000] Reserved memory: created CMA memory pool at 0x00000000f6000000, size 16 MiB
[    0.000000] OF: reserved mem: initialized node qseecom_ta_region, compatible id shared-dma-pool
[    0.000000] Reserved memory: created CMA memory pool at 0x000000017b800000, size 36 MiB
[    0.000000] OF: reserved mem: initialized node mem_dump_region, compatible id shared-dma-pool
[    0.000000] Reserved memory: created CMA memory pool at 0x00000000f5800000, size 8 MiB
[    0.000000] OF: reserved mem: initialized node secure_sp_region, compatible id shared-dma-pool
[    0.000000] Reserved memory: created DMA memory pool at 0x000000008ab00000, size 20 MiB
[    0.000000] OF: reserved mem: initialized node qseecom_region@0x8ab00000, compatible id shared-dma-pool
[    0.000000] Removed memory: created DMA memory pool at 0x000000008bf00000, size 5 MiB
[    0.000000] OF: reserved mem: initialized node camera_region@0x8bf00000, compatible id removed-dma-pool
[    0.000000] Removed memory: created DMA memory pool at 0x000000008c400000, size 0 MiB
[    0.000000] OF: reserved mem: initialized node ips_fw_region@0x8c400000, compatible id removed-dma-pool
[    0.000000] Removed memory: created DMA memory pool at 0x000000008c410000, size 0 MiB
[    0.000000] OF: reserved mem: initialized node ipa_gsi_region@0x8c410000, compatible id removed-dma-pool
[    0.000000] Removed memory: created DMA memory pool at 0x000000008c415000, size 0 MiB
[    0.000000] OF: reserved mem: initialized node gpu_region@0x8c415000, compatible id removed-dma-pool
[    0.000000] Removed memory: created DMA memory pool at 0x000000008c500000, size 26 MiB
[    0.000000] OF: reserved mem: initialized node adsp_region@0x8c500000, compatible id removed-dma-pool
[    0.000000] Removed memory: created DMA memory pool at 0x000000008df00000, size 1 MiB
[    0.000000] OF: reserved mem: initialized node wlan_fw_region@0x8df00000, compatible id removed-dma-pool
[    0.000000] Removed memory: created DMA memory pool at 0x000000008e000000, size 120 MiB
[    0.000000] OF: reserved mem: initialized node modem_region@0x8e000000, compatible id removed-dma-pool
[    0.000000] Removed memory: created DMA memory pool at 0x0000000095800000, size 5 MiB
[    0.000000] OF: reserved mem: initialized node video_region@0x95800000, compatible id removed-dma-pool
[    0.000000] Removed memory: created DMA memory pool at 0x0000000095d00000, size 8 MiB
[    0.000000] OF: reserved mem: initialized node cdsp_region@0x95d00000, compatible id removed-dma-pool
[    0.000000] Removed memory: created DMA memory pool at 0x0000000096500000, size 2 MiB
[    0.000000] OF: reserved mem: initialized node mba_region@0x96500000, compatible id removed-dma-pool
[    0.000000] Removed memory: created DMA memory pool at 0x0000000096700000, size 20 MiB
[    0.000000] OF: reserved mem: initialized node slpi_region@0x96700000, compatible id removed-dma-pool
[    0.000000] Removed memory: created DMA memory pool at 0x0000000097b00000, size 1 MiB
[    0.000000] OF: reserved mem: initialized node pil_spss_region@0x97b00000, compatible id removed-dma-pool
[    0.000000] On node 0 totalpages: 973129
[    0.000000]   DMA zone: 7143 pages used for memmap
[    0.000000]   DMA zone: 0 pages reserved
[    0.000000]   DMA zone: 457129 pages, LIFO batch:31
[    0.000000]   Normal zone: 8063 pages used for memmap
[    0.000000]   Normal zone: 516000 pages, LIFO batch:31
[    0.000000] psci: probing for conduit method from DT.
[    0.000000] psci: PSCIv1.1 detected in firmware.
[    0.000000] psci: Using standard PSCI v0.2 function IDs
[    0.000000] psci: MIGRATE_INFO_TYPE not supported.
[    0.000000] psci: SMC Calling Convention v1.0
[    0.000000] random: fast init done
[    0.000000] percpu: Embedded 23 pages/cpu @ffffffcfbdc3a000 s54424 r8192 d31592 u94208
[    0.000000] pcpu-alloc: s54424 r8192 d31592 u94208 alloc=23*4096
[    0.000000] pcpu-alloc: [0] 0 [0] 1 [0] 2 [0] 3 [0] 4 [0] 5 [0] 6 [0] 7 
[    0.000000] Built 1 zonelists in Zone order, mobility grouping on.  Total pages: 957923
[    0.000000] Kernel command line: rcupdate.rcu_expedited=1 initcall_debug console=ttyMSM0,115200n8 quiet loglevel=3 earlycon=msm_geni_serial,0xA84000 androidboot.hardware=qcom androidboot.console=ttyMSM0 video=DSI-1:1080x2160@60e ehci-hcd.park=3 lpm_levels.sleep_disabled=1 service_locator.enable=1 androidboot.selinux=permissive firmware_class.path=/lib/firmware/updates net.ifnames=0 dyndbg="" root=/dev/sda7 androidboot.bootdevice=1d84000.ufshc androidboot.serialno=1bcb97ec androidboot.baseband=sda msm_drm.dsi_display0=dsi_fhd_ea8074_1080_cmd_display: androidboot.slot_suffix=_b skip_initramfs rootwait ro init=/sbin/init
[    0.000000] log_buf_len individual max cpu contribution: 131072 bytes
[    0.000000] log_buf_len total cpu_extra contributions: 917504 bytes
[    0.000000] log_buf_len min size: 131072 bytes
[    0.000000] log_buf_len: 1048576 bytes
[    0.000000] early log buf free: 124940(95%)
[    0.000000] PID hash table entries: 4096 (order: 3, 32768 bytes)
[    0.000000] Dentry cache hash table entries: 524288 (order: 10, 4194304 bytes)
[    0.000000] Inode-cache hash table entries: 262144 (order: 9, 2097152 bytes)
[    0.000000] software IO TLB [mem 0xf1800000-0xf5800000] (64MB) mapped at [ffffffcf31800000-ffffffcf357fffff]
[    0.000000] Memory: 3450956K/3892516K available (18940K kernel code, 2788K rwdata, 11988K rodata, 7168K init, 12312K bss, 236760K reserved, 204800K cma-reserved)
[    0.000000] Virtual kernel memory layout:
[    0.000000]     modules : 0xffffff8000000000 - 0xffffff8008000000   (   128 MB)
[    0.000000]     vmalloc : 0xffffff8008000000 - 0xffffffbebfff0000   (   250 GB)
[    0.000000]       .text : 0xffffff8c0de80000 - 0xffffff8c0f100000   ( 18944 KB)
[    0.000000]     .rodata : 0xffffff8c0f100000 - 0xffffff8c0fcc0000   ( 12032 KB)
[    0.000000]       .init : 0xffffff8c0fcc0000 - 0xffffff8c103c0000   (  7168 KB)
[    0.000000]       .data : 0xffffff8c103c0000 - 0xffffff8c10679200   (  2789 KB)
[    0.000000]        .bss : 0xffffff8c10679200 - 0xffffff8c1127f454   ( 12313 KB)
[    0.000000]     fixed   : 0xffffffbefe7fb000 - 0xffffffbefec00000   (  4116 KB)
[    0.000000]     PCI I/O : 0xffffffbefee00000 - 0xffffffbeffe00000   (    16 MB)
[    0.000000]     vmemmap : 0xffffffbf00000000 - 0xffffffc000000000   (     4 GB maximum)
[    0.000000]               0xffffffbf3b000000 - 0xffffffbf3ef7e800   (    63 MB actual)
[    0.000000]     memory  : 0xffffffcec0000000 - 0xffffffcfbdfa0000   (  4063 MB)
[    0.000000] SLUB: HWalign=64, Order=0-3, MinObjects=0, CPUs=8, Nodes=1
[    0.000000] Preemptible hierarchical RCU implementation.
[    0.000000] 	RCU dyntick-idle grace-period acceleration is enabled.

[    0.000000] **********************************************************
[    0.000000] **   NOTICE NOTICE NOTICE NOTICE NOTICE NOTICE NOTICE   **
[    0.000000] **                                                      **
[    0.000000] ** trace_printk() being used. Allocating extra memory.  **
[    0.000000] **                                                      **
[    0.000000] ** This means that this is a DEBUG kernel and it is     **
[    0.000000] ** unsafe for production use.                           **
[    0.000000] **                                                      **
[    0.000000] ** If you see this message and you are not debugging    **
[    0.000000] ** the kernel, report this immediately to your vendor!  **
[    0.000000] **                                                      **
[    0.000000] **   NOTICE NOTICE NOTICE NOTICE NOTICE NOTICE NOTICE   **
[    0.000000] **********************************************************
[    0.000000] NR_IRQS:64 nr_irqs:64 0
[    0.000000] PDC SDM845 v2 initialized
[    0.000000] 	Offload RCU callbacks from all CPUs
[    0.000000] 	Offload RCU callbacks from CPUs: 0-7.
[    0.000000] arm_arch_timer: Architected cp15 and mmio timer(s) running at 19.20MHz (virt/virt).
[    0.000000] clocksource: arch_sys_counter: mask: 0xffffffffffffff max_cycles: 0x46d987e47, max_idle_ns: 440795202767 ns
[    0.000004] sched_clock: 56 bits at 19MHz, resolution 52ns, wraps every 4398046511078ns
[    0.000017] clocksource: Switched to clocksource arch_sys_counter
[    0.001397] Console: colour dummy device 80x25
[    0.017669] allocated 25165824 bytes of page_ext
[    0.020594] Node 0, zone      DMA: page owner found early allocated 512 pages
[    0.026218] Node 0, zone   Normal: page owner found early allocated 6684 pages
[    0.026274] Calibrating delay loop (skipped), value calculated using timer frequency.. 38.40 BogoMIPS (lpj=192000)
[    0.026302] pid_max: default: 32768 minimum: 301
[    0.026419] Security Framework initialized
[    0.026441] SELinux:  Initializing.
[    0.026556] SELinux:  Starting in permissive mode
[    0.026630] Mount-cache hash table entries: 8192 (order: 4, 65536 bytes)
[    0.026651] Mountpoint-cache hash table entries: 8192 (order: 4, 65536 bytes)
[    0.027602] ftrace: allocating 52202 entries in 204 pages
[    0.130372] /cpus/cpu@0: Missing clock-frequency property
[    0.130414] /cpus/cpu@100: Missing clock-frequency property
[    0.130454] /cpus/cpu@200: Missing clock-frequency property
[    0.130502] /cpus/cpu@300: Missing clock-frequency property
[    0.130556] /cpus/cpu@400: Missing clock-frequency property
[    0.130617] /cpus/cpu@500: Missing clock-frequency property
[    0.130684] /cpus/cpu@600: Missing clock-frequency property
[    0.130756] /cpus/cpu@700: Missing clock-frequency property
[    0.131330] sched-energy: Sched-energy-costs installed from DT
[    0.131368] calling  trace_init_flags_sys_exit+0x0/0x1c @ 1
[    0.131385] initcall trace_init_flags_sys_exit+0x0/0x1c returned 0 after 0 usecs
[    0.131401] calling  trace_init_flags_sys_enter+0x0/0x1c @ 1
[    0.131417] initcall trace_init_flags_sys_enter+0x0/0x1c returned 0 after 0 usecs
[    0.131434] calling  cpu_suspend_init+0x0/0x4c @ 1
[    0.131450] initcall cpu_suspend_init+0x0/0x4c returned 0 after 2 usecs
[    0.131471] calling  asids_init+0x0/0xd0 @ 1
[    0.131491] ASID allocator initialised with 32768 entries
[    0.131505] initcall asids_init+0x0/0xd0 returned 0 after 19 usecs
[    0.131525] calling  spawn_ksoftirqd+0x0/0x50 @ 1
[    0.133855] initcall spawn_ksoftirqd+0x0/0x50 returned 0 after 2255 usecs
[    0.133875] calling  init_workqueues+0x0/0x3ec @ 1
[    0.137899] initcall init_workqueues+0x0/0x3ec returned 0 after 3908 usecs
[    0.137919] calling  migration_init+0x0/0x28 @ 1
[    0.137939] initcall migration_init+0x0/0x28 returned 0 after 4 usecs
[    0.137956] calling  check_cpu_stall_init+0x0/0x2c @ 1
[    0.137973] initcall check_cpu_stall_init+0x0/0x2c returned 0 after 3 usecs
[    0.137988] calling  rcu_register_oom_notifier+0x0/0x24 @ 1
[    0.138004] initcall rcu_register_oom_notifier+0x0/0x24 returned 0 after 2 usecs
[    0.138020] calling  rcu_spawn_gp_kthread+0x0/0x1a0 @ 1
[    0.138747] initcall rcu_spawn_gp_kthread+0x0/0x1a0 returned 0 after 690 usecs
[    0.138765] calling  cpu_stop_init+0x0/0xd8 @ 1
[    0.141039] initcall cpu_stop_init+0x0/0xd8 returned 0 after 2203 usecs
[    0.141056] calling  init_events+0x0/0x80 @ 1
[    0.141108] initcall init_events+0x0/0x80 returned 0 after 35 usecs
[    0.141123] calling  init_trace_printk+0x0/0x20 @ 1
[    0.141139] initcall init_trace_printk+0x0/0x20 returned 0 after 1 usecs
[    0.141154] calling  event_trace_enable_again+0x0/0x58 @ 1
[    0.141171] initcall event_trace_enable_again+0x0/0x58 returned 0 after 2 usecs
[    0.141186] calling  lru_init+0x0/0x54 @ 1
[    0.142393] initcall lru_init+0x0/0x54 returned 0 after 1161 usecs
[    0.142413] calling  dynamic_debug_init+0x0/0x2a4 @ 1
[    0.147109] initcall dynamic_debug_init+0x0/0x2a4 returned 0 after 4564 usecs
[    0.147127] calling  its_pci_msi_init+0x0/0x138 @ 1
[    0.148978] initcall its_pci_msi_init+0x0/0x138 returned 0 after 1786 usecs
[    0.148996] calling  its_pmsi_init+0x0/0x130 @ 1
[    0.150693] initcall its_pmsi_init+0x0/0x130 returned 0 after 1631 usecs
[    0.150715] calling  init_memory_dump+0x0/0x1c8 @ 1
[    0.151195] MSM Memory Dump base table set up
[    0.151236] MSM Memory Dump apps data table set up
[    0.151253] initcall init_memory_dump+0x0/0x1c8 returned 0 after 508 usecs
[    0.151275] calling  rand_initialize+0x0/0x108 @ 1
[    0.151545] initcall rand_initialize+0x0/0x108 returned 0 after 248 usecs
[    0.151564] calling  proc_uid_sys_stats_init+0x0/0x188 @ 1
[    0.151674] initcall proc_uid_sys_stats_init+0x0/0x188 returned 0 after 91 usecs
[    0.151692] calling  cpufreq_times_init+0x0/0x34 @ 1
[    0.151719] initcall cpufreq_times_init+0x0/0x34 returned 0 after 11 usecs
[    0.151734] calling  arm_enable_runtime_services+0x0/0x230 @ 1
[    0.151748] EFI services will not be available.
[    0.151764] initcall arm_enable_runtime_services+0x0/0x230 returned 0 after 14 usecs
[    0.151779] calling  dummy_timer_register+0x0/0x34 @ 1
[    0.151810] initcall dummy_timer_register+0x0/0x34 returned 0 after 16 usecs
[    0.167227] CPU1: Booted secondary processor [517f803c]
[    0.179784] CPU2: Booted secondary processor [517f803c]
[    0.192440] CPU3: Booted secondary processor [517f803c]
[    0.205671] CPU4: Booted secondary processor [516f802d]
[    0.218605] CPU5: Booted secondary processor [516f802d]
[    0.231680] CPU6: Booted secondary processor [516f802d]
[    0.244979] CPU7: Booted secondary processor [516f802d]
[    0.245307] Brought up 8 CPUs
[    0.245325] SMP: Total of 8 processors activated.
[    0.245342] CPU features: detected feature: GIC system register CPU interface
[    0.245355] CPU features: detected feature: Privileged Access Never
[    0.245368] CPU features: detected feature: User Access Override
[    0.245382] CPU features: detected feature: 32-bit EL0 Support
[    0.245396] CPU features: detected feature: Kernel page table isolation (KPTI)
[    0.295852] CPU: All CPU(s) started at EL1
[    0.295939] alternatives: patching kernel code
[    0.298999] devtmpfs: initialized
[    0.503756] calling  init_mmap_min_addr+0x0/0x24 @ 1
[    0.503773] initcall init_mmap_min_addr+0x0/0x24 returned 0 after 1 usecs
[    0.503794] calling  init_watchdog+0x0/0x28 @ 1
[    0.503884] initcall init_watchdog+0x0/0x28 returned 0 after 72 usecs
[    0.503900] calling  mem_dump_init+0x0/0x20 @ 1
[    0.503961] initcall mem_dump_init+0x0/0x20 returned 0 after 45 usecs
[    0.503978] calling  alloc_secure_shared_memory+0x0/0xe4 @ 1
[    0.504206] initcall alloc_secure_shared_memory+0x0/0xe4 returned 0 after 203 usecs
[    0.504225] calling  dcc_init+0x0/0x20 @ 1
[    0.504302] initcall dcc_init+0x0/0x20 returned 0 after 60 usecs
[    0.504320] calling  msm_restart_init+0x0/0x20 @ 1
[    0.504394] initcall msm_restart_init+0x0/0x20 returned 0 after 57 usecs
[    0.504411] calling  init_cpufreq_govinfo_notifier_list+0x0/0x20 @ 1
[    0.504426] initcall init_cpufreq_govinfo_notifier_list+0x0/0x20 returned 0 after 0 usecs
[    0.504441] calling  init_cpufreq_transition_notifier_list+0x0/0x34 @ 1
[    0.504464] initcall init_cpufreq_transition_notifier_list+0x0/0x34 returned 0 after 7 usecs
[    0.504482] calling  jit_init+0x0/0x8 @ 1
[    0.504497] initcall jit_init+0x0/0x8 returned 0 after 0 usecs
[    0.504513] calling  net_ns_init+0x0/0x154 @ 1
[    0.504979] initcall net_ns_init+0x0/0x154 returned 0 after 435 usecs
[    0.505458] calling  bootinfo_init+0x0/0x90 @ 1
[    0.505529] initcall bootinfo_init+0x0/0x90 returned 0 after 53 usecs
[    0.505544] calling  arm64_dmi_init+0x0/0x28 @ 1
[    0.505559] DMI not present or invalid.
[    0.505575] initcall arm64_dmi_init+0x0/0x28 returned 0 after 15 usecs
[    0.505591] calling  map_entry_trampoline+0x0/0x140 @ 1
[    0.505631] initcall map_entry_trampoline+0x0/0x140 returned 0 after 24 usecs
[    0.505649] calling  cpu_hotplug_pm_sync_init+0x0/0x24 @ 1
[    0.505666] initcall cpu_hotplug_pm_sync_init+0x0/0x24 returned 0 after 2 usecs
[    0.505680] calling  alloc_frozen_cpus+0x0/0x8 @ 1
[    0.505696] initcall alloc_frozen_cpus+0x0/0x8 returned 0 after 0 usecs
[    0.505710] calling  wq_sysfs_init+0x0/0x40 @ 1
[    0.505939] initcall wq_sysfs_init+0x0/0x40 returned 0 after 208 usecs
[    0.505953] calling  ksysfs_init+0x0/0xc0 @ 1
[    0.506032] initcall ksysfs_init+0x0/0xc0 returned 0 after 62 usecs
[    0.506052] calling  register_walt_callback+0x0/0x50 @ 1
[    0.506071] initcall register_walt_callback+0x0/0x50 returned 0 after 3 usecs
[    0.506087] calling  pm_init+0x0/0x8c @ 1
[    0.506417] initcall pm_init+0x0/0x8c returned 0 after 306 usecs
[    0.506433] calling  rcu_exp_runtime_mode+0x0/0x28 @ 1
[    0.506450] initcall rcu_exp_runtime_mode+0x0/0x28 returned 0 after 1 usecs
[    0.506467] calling  init_jiffies_clocksource+0x0/0x24 @ 1
[    0.506485] clocksource: jiffies: mask: 0xffffffff max_cycles: 0xffffffff, max_idle_ns: 19112604462750000 ns
[    0.506503] initcall init_jiffies_clocksource+0x0/0x24 returned 0 after 20 usecs
[    0.506517] calling  futex_init+0x0/0x12c @ 1
[    0.506552] futex hash table entries: 2048 (order: 6, 262144 bytes)
[    0.506671] initcall futex_init+0x0/0x12c returned 0 after 135 usecs
[    0.506686] calling  cgroup_wq_init+0x0/0x70 @ 1
[    0.506878] initcall cgroup_wq_init+0x0/0x70 returned 0 after 172 usecs
[    0.506894] calling  ftrace_mod_cmd_init+0x0/0x20 @ 1
[    0.506912] initcall ftrace_mod_cmd_init+0x0/0x20 returned 0 after 3 usecs
[    0.506928] calling  init_function_trace+0x0/0x8c @ 1
[    0.506950] initcall init_function_trace+0x0/0x8c returned 0 after 7 usecs
[    0.506964] calling  init_irqsoff_tracer+0x0/0x3c @ 1
[    0.506985] initcall init_irqsoff_tracer+0x0/0x3c returned 0 after 5 usecs
[    0.506999] calling  init_graph_trace+0x0/0x44 @ 1
[    0.507016] initcall init_graph_trace+0x0/0x44 returned 0 after 2 usecs
[    0.507035] calling  cpu_pm_init+0x0/0x28 @ 1
[    0.507052] initcall cpu_pm_init+0x0/0x28 returned 0 after 1 usecs
[    0.507070] calling  init_per_zone_wmark_min+0x0/0x7c @ 1
[    0.507101] initcall init_per_zone_wmark_min+0x0/0x7c returned 0 after 15 usecs
[    0.507117] calling  init_zero_pfn+0x0/0x40 @ 1
[    0.507132] initcall init_zero_pfn+0x0/0x40 returned 0 after 0 usecs
[    0.507147] calling  cma_init_reserved_areas+0x0/0x1bc @ 1
[    0.512931] initcall cma_init_reserved_areas+0x0/0x1bc returned 0 after 5616 usecs
[    0.512953] calling  fsnotify_init+0x0/0x2c @ 1
[    0.512985] initcall fsnotify_init+0x0/0x2c returned 0 after 16 usecs
[    0.513000] calling  filelock_init+0x0/0xcc @ 1
[    0.513082] initcall filelock_init+0x0/0xcc returned 0 after 64 usecs
[    0.513097] calling  init_script_binfmt+0x0/0x24 @ 1
[    0.513116] initcall init_script_binfmt+0x0/0x24 returned 0 after 3 usecs
[    0.513129] calling  init_elf_binfmt+0x0/0x24 @ 1
[    0.513146] initcall init_elf_binfmt+0x0/0x24 returned 0 after 1 usecs
[    0.513160] calling  init_compat_elf_binfmt+0x0/0x24 @ 1
[    0.513176] initcall init_compat_elf_binfmt+0x0/0x24 returned 0 after 1 usecs
[    0.513192] calling  configfs_init+0x0/0xb0 @ 1
[    0.513247] initcall configfs_init+0x0/0xb0 returned 0 after 39 usecs
[    0.513266] calling  debugfs_init+0x0/0x74 @ 1
[    0.513293] initcall debugfs_init+0x0/0x74 returned 0 after 12 usecs
[    0.513308] calling  tracefs_init+0x0/0x4c @ 1
[    0.513334] initcall tracefs_init+0x0/0x4c returned 0 after 10 usecs
[    0.513350] calling  prandom_init+0x0/0x118 @ 1
[    0.513370] initcall prandom_init+0x0/0x118 returned 0 after 4 usecs
[    0.513385] calling  pinctrl_init+0x0/0xc0 @ 1
[    0.513400] pinctrl core: initialized pinctrl subsystem
[    0.513690] initcall pinctrl_init+0x0/0xc0 returned 0 after 281 usecs
[    0.513707] calling  gpiolib_dev_init+0x0/0xec @ 1
[    0.513810] initcall gpiolib_dev_init+0x0/0xec returned 0 after 85 usecs
[    0.513826] calling  msm_rq_stats_early_init+0x0/0x24 @ 1
[    0.513843] initcall msm_rq_stats_early_init+0x0/0x24 returned 0 after 2 usecs
[    0.513859] calling  regulator_init+0x0/0xac @ 1
[    0.514729] initcall regulator_init+0x0/0xac returned 0 after 834 usecs
[    0.514745] calling  iommu_init+0x0/0x74 @ 1
[    0.514788] initcall iommu_init+0x0/0x74 returned 0 after 28 usecs
[    0.514807] calling  opp_debug_init+0x0/0x4c @ 1
[    0.514840] initcall opp_debug_init+0x0/0x4c returned 0 after 17 usecs
[    0.514855] calling  soc_bus_register+0x0/0x1c @ 1
[    0.514928] initcall soc_bus_register+0x0/0x1c returned 0 after 56 usecs
[    0.514944] calling  cpufreq_core_init+0x0/0x68 @ 1
[    0.514974] initcall cpufreq_core_init+0x0/0x68 returned 0 after 14 usecs
[    0.514989] calling  cpuidle_init+0x0/0x58 @ 1
[    0.515032] initcall cpuidle_init+0x0/0x58 returned 0 after 27 usecs
[    0.515047] calling  capsule_reboot_register+0x0/0x20 @ 1
[    0.515064] initcall capsule_reboot_register+0x0/0x20 returned 0 after 1 usecs
[    0.515082] calling  sock_init+0x0/0xb0 @ 1
[    0.515298] initcall sock_init+0x0/0xb0 returned 0 after 195 usecs
[    0.515314] calling  net_inuse_init+0x0/0x30 @ 1
[    0.515336] initcall net_inuse_init+0x0/0x30 returned 0 after 7 usecs
[    0.515352] calling  net_defaults_init+0x0/0x30 @ 1
[    0.515368] initcall net_defaults_init+0x0/0x30 returned 0 after 1 usecs
[    0.515383] calling  init_default_flow_dissectors+0x0/0x5c @ 1
[    0.515400] initcall init_default_flow_dissectors+0x0/0x5c returned 0 after 2 usecs
[    0.515415] calling  netlink_proto_init+0x0/0x168 @ 1
[    0.515724] NET: Registered protocol family 16
[    0.515800] initcall netlink_proto_init+0x0/0x168 returned 0 after 359 usecs
[    0.516303] calling  debug_monitors_init+0x0/0x40 @ 1
[    0.516791] initcall debug_monitors_init+0x0/0x40 returned 0 after 457 usecs
[    0.516812] calling  topology_init+0x0/0x90 @ 1
[    0.518361] initcall topology_init+0x0/0x90 returned 0 after 1496 usecs
[    0.518382] calling  schedtune_init+0x0/0x318 @ 1
[    0.518396] schedtune: init normalization constants...
[    0.518415] schedtune: CLUSTER[0-3]      min_pwr:     1 max_pwr:    17
[    0.518430] schedtune: CPU[0]            min_pwr:     4 max_pwr:   160
[    0.518443] schedtune: CPU[1]            min_pwr:     4 max_pwr:   160
[    0.518456] schedtune: CPU[2]            min_pwr:     4 max_pwr:   160
[    0.518469] schedtune: CPU[3]            min_pwr:     4 max_pwr:   160
[    0.518483] schedtune: CLUSTER[4-7]      min_pwr:     1 max_pwr:   190
[    0.518497] schedtune: CPU[4]            min_pwr:    40 max_pwr: 60000
[    0.518511] schedtune: CPU[5]            min_pwr:    40 max_pwr: 60000
[    0.518525] schedtune: CPU[6]            min_pwr:    40 max_pwr: 60000
[    0.518539] schedtune: CPU[7]            min_pwr:    40 max_pwr: 60000
[    0.518553] schedtune: SYSTEM            min_pwr:   178 max_pwr: 240847
[    0.518567] schedtune: using normalization constants mul: 383241808 sh1: 1 sh2: 17
[    0.518581] schedtune: configured to support 5 boost groups
[    0.518596] initcall schedtune_init+0x0/0x318 returned 0 after 194 usecs
[    0.518614] calling  irq_sysfs_init+0x0/0xb0 @ 1
[    0.518986] initcall irq_sysfs_init+0x0/0xb0 returned 0 after 348 usecs
[    0.519002] calling  bdi_class_init+0x0/0x78 @ 1
[    0.519129] initcall bdi_class_init+0x0/0x78 returned 0 after 108 usecs
[    0.519146] calling  mm_sysfs_init+0x0/0x3c @ 1
[    0.519172] initcall mm_sysfs_init+0x0/0x3c returned 0 after 11 usecs
[    0.519187] calling  ramoops_init+0x0/0x150 @ 1
[    0.519255] initcall ramoops_init+0x0/0x150 returned 0 after 52 usecs
[    0.519272] calling  kobject_uevent_init+0x0/0x20 @ 1
[    0.519353] initcall kobject_uevent_init+0x0/0x20 returned 0 after 64 usecs
[    0.519369] calling  gpiolib_sysfs_init+0x0/0xb0 @ 1
[    0.519423] initcall gpiolib_sysfs_init+0x0/0xb0 returned 0 after 38 usecs
[    0.519438] calling  pcibus_class_init+0x0/0x24 @ 1
[    0.519472] initcall pcibus_class_init+0x0/0x24 returned 0 after 17 usecs
[    0.519487] calling  pci_driver_init+0x0/0x1c @ 1
[    0.519607] initcall pci_driver_init+0x0/0x1c returned 0 after 100 usecs
[    0.519622] calling  backlight_class_init+0x0/0xbc @ 1
[    0.519656] initcall backlight_class_init+0x0/0xbc returned 0 after 19 usecs
[    0.519671] calling  amba_init+0x0/0x1c @ 1
[    0.519743] initcall amba_init+0x0/0x1c returned 0 after 56 usecs
[    0.519758] calling  msm_bus_init+0x0/0x48 @ 1
[    0.519830] initcall msm_bus_init+0x0/0x48 returned 0 after 56 usecs
[    0.519845] calling  regulator_stub_init+0x0/0x3c @ 1
[    0.519906] initcall regulator_stub_init+0x0/0x3c returned 0 after 45 usecs
[    0.519921] calling  tty_class_init+0x0/0x58 @ 1
[    0.519954] initcall tty_class_init+0x0/0x58 returned 0 after 17 usecs
[    0.519968] calling  vtconsole_class_init+0x0/0xf4 @ 1
[    0.520201] initcall vtconsole_class_init+0x0/0xf4 returned 0 after 211 usecs
[    0.520218] calling  iommu_dev_init+0x0/0x24 @ 1
[    0.520264] initcall iommu_dev_init+0x0/0x24 returned 0 after 30 usecs
[    0.520280] calling  mipi_dsi_bus_init+0x0/0x1c @ 1
[    0.520352] initcall mipi_dsi_bus_init+0x0/0x1c returned 0 after 55 usecs
[    0.520369] calling  wakeup_sources_debugfs_init+0x0/0x34 @ 1
[    0.520409] initcall wakeup_sources_debugfs_init+0x0/0x34 returned 0 after 24 usecs
[    0.520423] calling  regmap_initcall+0x0/0x18 @ 1
[    0.520457] initcall regmap_initcall+0x0/0x18 returned 0 after 18 usecs
[    0.520472] calling  syscon_init+0x0/0x24 @ 1
[    0.520537] initcall syscon_init+0x0/0x24 returned 0 after 48 usecs
[    0.520552] calling  spi_init+0x0/0xa0 @ 1
[    0.520655] initcall spi_init+0x0/0xa0 returned 0 after 86 usecs
[    0.520670] calling  spmi_init+0x0/0x2c @ 1
[    0.520742] initcall spmi_init+0x0/0x2c returned 0 after 56 usecs
[    0.520757] calling  slimbus_init+0x0/0x50 @ 1
[    0.520910] initcall slimbus_init+0x0/0x50 returned 0 after 134 usecs
[    0.520926] calling  i2c_init+0x0/0xd0 @ 1
[    0.521054] initcall i2c_init+0x0/0xd0 returned 0 after 109 usecs
[    0.521069] calling  init_menu+0x0/0x1c @ 1
[    0.521420] cpuidle: using governor menu
[    0.521437] initcall init_menu+0x0/0x1c returned 0 after 343 usecs
[    0.521452] calling  init_lpm+0x0/0x1c @ 1
[    0.521818] cpuidle: using governor qcom
[    0.521836] initcall init_lpm+0x0/0x1c returned 0 after 358 usecs
[    0.521852] calling  coresight_init+0x0/0x20 @ 1
[    0.521939] initcall coresight_init+0x0/0x20 returned 0 after 70 usecs
[    0.521956] calling  soundwire_init+0x0/0x50 @ 1
[    0.522111] initcall soundwire_init+0x0/0x50 returned 0 after 136 usecs
[    0.522126] calling  of_iommu_init+0x0/0xa8 @ 1
[    0.525922] initcall of_iommu_init+0x0/0xa8 returned 0 after 3691 usecs
[    0.526383] calling  debug_traps_init+0x0/0x5c @ 1
[    0.526400] initcall debug_traps_init+0x0/0x5c returned 0 after 1 usecs
[    0.526414] calling  vdso_init+0x0/0x170 @ 1
[    0.526430] vdso: 2 pages (1 code @ ffffff8c0f107000, 1 data @ ffffff8c103c4000)
[    0.526446] initcall vdso_init+0x0/0x170 returned 0 after 17 usecs
[    0.526460] calling  alloc_vectors_page+0x0/0xb8 @ 1
[    0.526487] initcall alloc_vectors_page+0x0/0xb8 returned 0 after 12 usecs
[    0.526502] calling  arch_hw_breakpoint_init+0x0/0xf8 @ 1
[    0.526517] hw-breakpoint: found 6 breakpoint and 4 watchpoint registers.
[    0.526988] initcall arch_hw_breakpoint_init+0x0/0xf8 returned 0 after 457 usecs
[    0.527005] calling  __iommu_dma_init+0x0/0x44 @ 1
[    0.527037] initcall __iommu_dma_init+0x0/0x44 returned 0 after 15 usecs
[    0.527051] calling  arm64_dma_init+0x0/0x48 @ 1
[    0.529620] DMA: preallocated 256 KiB pool for atomic allocations
[    0.529636] initcall arm64_dma_init+0x0/0x48 returned 0 after 2509 usecs
[    0.529652] calling  gic_init_sys+0x0/0x24 @ 1
[    0.529669] initcall gic_init_sys+0x0/0x24 returned 0 after 2 usecs
[    0.529684] calling  gic_init_sys+0x0/0x24 @ 1
[    0.529699] initcall gic_init_sys+0x0/0x24 returned 0 after 1 usecs
[    0.529713] calling  sdm845_pinctrl_init+0x0/0x20 @ 1
[    0.529792] initcall sdm845_pinctrl_init+0x0/0x20 returned 0 after 62 usecs
[    0.529807] calling  sdm845_pinctrl_init+0x0/0x20 @ 1
[    0.529885] initcall sdm845_pinctrl_init+0x0/0x20 returned 0 after 61 usecs
[    0.529900] calling  dma_bus_init+0x0/0xa0 @ 1
[    0.529947] initcall dma_bus_init+0x0/0xa0 returned 0 after 30 usecs
[    0.529961] calling  dma_channel_table_init+0x0/0xfc @ 1
[    0.530079] initcall dma_channel_table_init+0x0/0xfc returned 0 after 98 usecs
[    0.530093] calling  msm_smem_init+0x0/0x10c @ 1
[    0.530317] initcall msm_smem_init+0x0/0x10c returned 0 after 204 usecs
[    0.530337] calling  glink_init+0x0/0xa8 @ 1
[    0.530597] initcall glink_init+0x0/0xa8 returned 0 after 238 usecs
[    0.530612] calling  glink_smem_native_xprt_init+0x0/0xbc @ 1
[    0.530766] initcall glink_smem_native_xprt_init+0x0/0xbc returned 0 after 135 usecs
[    0.530780] calling  subsys_restart_init+0x0/0xdc @ 1
[    0.530994] initcall subsys_restart_init+0x0/0xdc returned 0 after 193 usecs
[    0.531009] calling  msm_jtag_dbg_init+0x0/0x114 @ 1
[    0.531195] initcall msm_jtag_dbg_init+0x0/0x114 returned 0 after 166 usecs
[    0.531210] calling  cmd_db_device_init+0x0/0x20 @ 1
[    0.531288] initcall cmd_db_device_init+0x0/0x20 returned 0 after 61 usecs
[    0.531304] calling  qpnp_labibb_regulator_init+0x0/0x20 @ 1
[    0.531365] initcall qpnp_labibb_regulator_init+0x0/0x20 returned 0 after 43 usecs
[    0.531380] calling  qpnp_regulator_init+0x0/0xcc @ 1
[    0.531447] initcall qpnp_regulator_init+0x0/0xcc returned 0 after 51 usecs
[    0.531461] calling  refgen_init+0x0/0x20 @ 1
[    0.531521] initcall refgen_init+0x0/0x20 returned 0 after 43 usecs
[    0.531541] calling  rpmh_regulator_init+0x0/0x28 @ 1
[    0.531602] initcall rpmh_regulator_init+0x0/0x28 returned 0 after 43 usecs
[    0.531617] calling  pmic_spmi_init+0x0/0x20 @ 1
[    0.531679] initcall pmic_spmi_init+0x0/0x20 returned 0 after 46 usecs
[    0.531694] calling  spmi_pmic_arb_init+0x0/0x20 @ 1
[    0.531781] initcall spmi_pmic_arb_init+0x0/0x20 returned 0 after 69 usecs
[    0.531795] calling  spmi_pmic_arb_debug_init+0x0/0x20 @ 1
[    0.531854] initcall spmi_pmic_arb_debug_init+0x0/0x20 returned 0 after 43 usecs
[    0.531870] calling  dmi_id_init+0x0/0x280 @ 1
[    0.531885] initcall dmi_id_init+0x0/0x280 returned -19 after 1 usecs
[    0.531902] calling  gsi_init+0x0/0x40 @ 1
[    0.531973] initcall gsi_init+0x0/0x40 returned 0 after 55 usecs
[    0.531987] calling  ipa3_usb_init+0x0/0x29c @ 1
[    0.532005] ipa_pm_is_used:3408 IPA HW is not supported
[    0.532264] exit: IPA_USB init success!
[    0.532282] initcall ipa3_usb_init+0x0/0x29c returned 0 after 270 usecs
[    0.532296] calling  sps_init+0x0/0x490 @ 1
[    0.533275] initcall sps_init+0x0/0x490 returned 0 after 940 usecs
[    0.533290] calling  geni_se_driver_init+0x0/0x20 @ 1
[    0.533351] initcall geni_se_driver_init+0x0/0x20 returned 0 after 45 usecs
[    0.533366] calling  rpmh_mbox_driver_init+0x0/0x20 @ 1
[    0.533426] initcall rpmh_mbox_driver_init+0x0/0x20 returned 0 after 44 usecs
[    0.533442] calling  qmp_init+0x0/0x4c @ 1
[    0.533502] initcall qmp_init+0x0/0x4c returned 0 after 44 usecs
[    0.533521] calling  deferred_probe_initcall+0x0/0x50 @ 1
[    0.533584] initcall deferred_probe_initcall+0x0/0x50 returned 0 after 45 usecs
[    0.533600] calling  of_platform_default_populate_init+0x0/0x7c @ 1
[    0.534201] persistent_ram: found existing invalid buffer, size 18446744071595638784, start 13107360
[    0.534236] persistent_ram: found existing invalid buffer, size 536879184, start 266448
[    0.534313] pstore: using zlib compression
[    0.534380] console [pstore-1] enabled
[    0.534841] pstore: Registered ramoops as persistent store backend
[    0.534856] ramoops: attached 0x400000@0xb0000000, ecc: 0/0
[    0.551736] irq: no irq domain found for /soc/qcom,mdss_mdp@ae00000 !
[    0.552271] irq: no irq domain found for /soc/qcom,mdss_mdp@ae00000 !
[    0.552811] irq: no irq domain found for /soc/qcom,mdss_mdp@ae00000 !
[    0.558582] irq: no irq domain found for /soc/pinctrl@03400000 !
[    0.565713] unable to find DT imem DLOAD mode node
[    0.566753] unable to find DT imem EDLOAD mode node
[    0.569173] spmi spmi-0: PMIC arbiter version v5 (0x50000000)
[    0.603431] platform 4080000.qcom,mss: assigned reserved memory node modem_region@0x8e000000
[    0.604023] platform 17300000.qcom,lpass: assigned reserved memory node adsp_region@0x8c500000
[    0.604625] platform 5c00000.qcom,ssc: assigned reserved memory node slpi_region@0x96700000
[    0.607598] platform 188101c.qcom,spss: assigned reserved memory node pil_spss_region@0x97b00000
[    0.608550] msm_watchdog 17980000.qcom,wdt: wdog absent resource not present
[    0.608668] msm_watchdog 17980000.qcom,wdt: No need to allocate memory for scandumps
[    0.611037] msm_watchdog 17980000.qcom,wdt: MSM Watchdog Initialized
[    0.611455] platform 8300000.qcom,turing: assigned reserved memory node cdsp_region@0x95d00000
[    0.612822] platform soc:qcom,msm-adsprpc-mem: assigned reserved memory node adsp_region
[    0.613889] platform aae0000.qcom,venus: assigned reserved memory node video_region@0x95800000
[    0.620734] <CORE> glink_mailbox_probe: unable to create log context for [spss:mailbox]
[    0.643327] sps:sps is ready.
[    0.648797] platform soc:qcom,ipa_fws: assigned reserved memory node ips_fw_region@0x8c400000
[    0.654325] msm-dcc 10a2000.dcc_v2: DCC list passed 2
[    0.654875] msm-dcc 10a2000.dcc_v2: All values written to enable
[    0.659768] platform soc:mem_dump: assigned reserved memory node mem_dump_region
[    0.673286] Minidump: size should be 4 byte aligned
[    0.673300] Failed to add entry in Minidump table
[    0.687628] pm8998_s9_level: supplied by pm8998_s6_level
[    0.688316] pm8998_s9_level_ao: supplied by pm8998_s6_level_ao
[    0.718104] pm8998_l24: supplied by pm8998_l12
[    0.724330] pm8998_lvs1: Bringing 1uV into 1800000-1800000uV
[    0.726183] pm8998_lvs2: Bringing 1uV into 1800000-1800000uV
[    0.806677] sdm845-v2-pinctrl 3400000.pinctrl: invalid resource
[    0.879022] platform soc:qcom,kgsl-hyp: assigned reserved memory node gpu_region@0x8c415000
[    0.895512] initcall of_platform_default_populate_init+0x0/0x7c returned 0 after 353393 usecs
[    0.896036] calling  uid_cache_init+0x0/0xa4 @ 1
[    0.896070] initcall uid_cache_init+0x0/0xa4 returned 0 after 17 usecs
[    0.896087] calling  param_sysfs_init+0x0/0x264 @ 1
[    0.926355] initcall param_sysfs_init+0x0/0x264 returned 0 after 29539 usecs
[    0.926373] calling  user_namespace_sysctl_init+0x0/0x48 @ 1
[    0.926430] initcall user_namespace_sysctl_init+0x0/0x48 returned 0 after 41 usecs
[    0.926446] calling  sched_energy_init+0x0/0x20 @ 1
[    0.929705] initcall sched_energy_init+0x0/0x20 returned 0 after 3166 usecs
[    0.929723] calling  pm_sysrq_init+0x0/0x24 @ 1
[    0.930190] initcall pm_sysrq_init+0x0/0x24 returned 0 after 438 usecs
[    0.930214] calling  create_proc_profile+0x0/0x108 @ 1
[    0.930230] initcall create_proc_profile+0x0/0x108 returned 0 after 0 usecs
[    0.930251] calling  cgroup_namespaces_init+0x0/0x8 @ 1
[    0.930268] initcall cgroup_namespaces_init+0x0/0x8 returned 0 after 1 usecs
[    0.930283] calling  hung_task_init+0x0/0x64 @ 1
[    0.930474] initcall hung_task_init+0x0/0x64 returned 0 after 170 usecs
[    0.930492] calling  oom_init+0x0/0x6c @ 1
[    0.930699] initcall oom_init+0x0/0x6c returned 0 after 184 usecs
[    0.930715] calling  default_bdi_init+0x0/0x50 @ 1
[    0.931174] initcall default_bdi_init+0x0/0x50 returned 0 after 432 usecs
[    0.931190] calling  percpu_enable_async+0x0/0x14 @ 1
[    0.931205] initcall percpu_enable_async+0x0/0x14 returned 0 after 0 usecs
[    0.931220] calling  kcompactd_init+0x0/0x2c @ 1
[    0.931414] initcall kcompactd_init+0x0/0x2c returned 0 after 174 usecs
[    0.931434] calling  init_reserve_notifier+0x0/0x8 @ 1
[    0.931449] initcall init_reserve_notifier+0x0/0x8 returned 0 after 0 usecs
[    0.931467] calling  init_admin_reserve+0x0/0x48 @ 1
[    0.931482] initcall init_admin_reserve+0x0/0x48 returned 0 after 0 usecs
[    0.931496] calling  init_user_reserve+0x0/0x48 @ 1
[    0.931510] initcall init_user_reserve+0x0/0x48 returned 0 after 0 usecs
[    0.931528] calling  crypto_wq_init+0x0/0x44 @ 1
[    0.931791] initcall crypto_wq_init+0x0/0x44 returned 0 after 241 usecs
[    0.931806] calling  cryptomgr_init+0x0/0x1c @ 1
[    0.931823] initcall cryptomgr_init+0x0/0x1c returned 0 after 2 usecs
[    0.931838] calling  cryptd_init+0x0/0xe0 @ 1
[    0.931862] initcall cryptd_init+0x0/0xe0 returned 0 after 9 usecs
[    0.931876] calling  init_bio+0x0/0xd0 @ 1
[    0.932278] initcall init_bio+0x0/0xd0 returned 0 after 377 usecs
[    0.932294] calling  blk_settings_init+0x0/0x30 @ 1
[    0.932310] initcall blk_settings_init+0x0/0x30 returned 0 after 1 usecs
[    0.932325] calling  blk_ioc_init+0x0/0x38 @ 1
[    0.932360] initcall blk_ioc_init+0x0/0x38 returned 0 after 19 usecs
[    0.932375] calling  blk_softirq_init+0x0/0xb8 @ 1
[    0.932392] initcall blk_softirq_init+0x0/0xb8 returned 0 after 2 usecs
[    0.932407] calling  blk_mq_init+0x0/0x60 @ 1
[    0.932423] initcall blk_mq_init+0x0/0x60 returned 0 after 1 usecs
[    0.932438] calling  genhd_device_init+0x0/0x94 @ 1
[    0.932906] initcall genhd_device_init+0x0/0x94 returned 0 after 440 usecs
[    0.932923] calling  gpiolib_debugfs_init+0x0/0x38 @ 1
[    0.932968] initcall gpiolib_debugfs_init+0x0/0x38 returned 0 after 28 usecs
[    0.932983] calling  pwm_debugfs_init+0x0/0x38 @ 1
[    0.933017] initcall pwm_debugfs_init+0x0/0x38 returned 0 after 18 usecs
[    0.933032] calling  pwm_sysfs_init+0x0/0x28 @ 1
[    0.933068] initcall pwm_sysfs_init+0x0/0x28 returned 0 after 20 usecs
[    0.933083] calling  qpnp_lpg_init+0x0/0x20 @ 1
[    0.937196] initcall qpnp_lpg_init+0x0/0x20 returned 0 after 4000 usecs
[    0.937217] calling  pci_slot_init+0x0/0x60 @ 1
[    0.937247] initcall pci_slot_init+0x0/0x60 returned 0 after 13 usecs
[    0.937262] calling  fbmem_init+0x0/0xec @ 1
[    0.937326] initcall fbmem_init+0x0/0xec returned 0 after 47 usecs
[    0.937342] calling  gdsc_init+0x0/0x20 @ 1
[    0.964685] initcall gdsc_init+0x0/0x20 returned 0 after 26684 usecs
[    0.964701] calling  clk_cpu_osm_init+0x0/0x20 @ 1
[    0.966669] initcall clk_cpu_osm_init+0x0/0x20 returned 0 after 1904 usecs
[    0.966685] calling  cam_cc_sdm845_init+0x0/0x20 @ 1
[    0.969170] clk: cam_cc_bps_clk_src: set OPP pair(19200000 Hz: 129 uV) on ac6f000.qcom,bps
[    0.970181] clk: cam_cc_bps_clk_src: set OPP pair(600000000 Hz: 257 uV) on ac6f000.qcom,bps
[    0.970927] clk: cam_cc_cci_clk_src: set OPP pair(19200000 Hz: 129 uV) on ac4a000.qcom,cci
[    0.971505] clk: cam_cc_cci_clk_src: set OPP pair(100000000 Hz: 257 uV) on ac4a000.qcom,cci
[    0.972276] clk: cam_cc_csi0phytimer_clk_src: set OPP pair(19200000 Hz: 129 uV) on ac65000.qcom,csiphy
[    0.972673] clk: cam_cc_csi0phytimer_clk_src: set OPP pair(269333333 Hz: 129 uV) on ac65000.qcom,csiphy
[    0.973368] clk: cam_cc_csi1phytimer_clk_src: set OPP pair(19200000 Hz: 129 uV) on ac66000.qcom,csiphy
[    0.973775] clk: cam_cc_csi1phytimer_clk_src: set OPP pair(269333333 Hz: 129 uV) on ac66000.qcom,csiphy
[    0.974502] clk: cam_cc_csi2phytimer_clk_src: set OPP pair(19200000 Hz: 129 uV) on ac67000.qcom,csiphy
[    0.974891] clk: cam_cc_csi2phytimer_clk_src: set OPP pair(269333333 Hz: 129 uV) on ac67000.qcom,csiphy
[    0.975627] clk: cam_cc_csi3phytimer_clk_src: set OPP pair(19200000 Hz: 49 uV) on ac68000.qcom,csiphy
[    0.976025] clk: cam_cc_csi3phytimer_clk_src: set OPP pair(269333333 Hz: 129 uV) on ac68000.qcom,csiphy
[    0.977277] clk: cam_cc_icp_clk_src: set OPP pair(19200000 Hz: 129 uV) on ac00000.qcom,a5
[    0.978064] clk: cam_cc_icp_clk_src: set OPP pair(600000000 Hz: 193 uV) on ac00000.qcom,a5
[    0.979007] clk: cam_cc_ife_0_clk_src: set OPP pair(19200000 Hz: 129 uV) on acaf000.qcom,vfe0
[    0.980084] clk: cam_cc_ife_0_clk_src: set OPP pair(600000000 Hz: 257 uV) on acaf000.qcom,vfe0
[    0.980931] clk: cam_cc_ife_0_csid_clk_src: set OPP pair(19200000 Hz: 129 uV) on acb3000.qcom,csid0
[    0.981539] clk: cam_cc_ife_0_csid_clk_src: set OPP pair(538666667 Hz: 257 uV) on acb3000.qcom,csid0
[    0.982460] clk: cam_cc_ife_1_clk_src: set OPP pair(19200000 Hz: 129 uV) on acb6000.qcom,vfe1
[    0.983441] clk: cam_cc_ife_1_clk_src: set OPP pair(600000000 Hz: 257 uV) on acb6000.qcom,vfe1
[    0.984320] clk: cam_cc_ife_1_csid_clk_src: set OPP pair(19200000 Hz: 129 uV) on acba000.qcom,csid1
[    0.984915] clk: cam_cc_ife_1_csid_clk_src: set OPP pair(538666667 Hz: 257 uV) on acba000.qcom,csid1
[    0.985832] clk: cam_cc_ife_lite_clk_src: set OPP pair(19200000 Hz: 129 uV) on acc4000.qcom,vfe-lite
[    0.986802] clk: cam_cc_ife_lite_clk_src: set OPP pair(600000000 Hz: 257 uV) on acc4000.qcom,vfe-lite
[    0.987711] clk: cam_cc_ife_lite_csid_clk_src: set OPP pair(19200000 Hz: 129 uV) on acc8000.qcom,csid-lite
[    0.988324] clk: cam_cc_ife_lite_csid_clk_src: set OPP pair(538666667 Hz: 257 uV) on acc8000.qcom,csid-lite
[    0.989437] clk: cam_cc_ipe_0_clk_src: set OPP pair(19200000 Hz: 129 uV) on ac87000.qcom,ipe0
[    0.990647] clk: cam_cc_ipe_0_clk_src: set OPP pair(600000000 Hz: 257 uV) on ac87000.qcom,ipe0
[    0.991836] clk: cam_cc_ipe_1_clk_src: set OPP pair(19200000 Hz: 129 uV) on ac91000.qcom,ipe1
[    0.993001] clk: cam_cc_ipe_1_clk_src: set OPP pair(600000000 Hz: 257 uV) on ac91000.qcom,ipe1
[    0.996706] cam_cc-sdm845 ad00000.qcom,camcc: Registered Camera CC clocks
[    0.998059] initcall cam_cc_sdm845_init+0x0/0x20 returned 0 after 30621 usecs
[    0.998077] calling  aop_qmp_clk_init+0x0/0x20 @ 1
[    0.999364] qmp-aop-clk soc:qcom,aopclk: Registered clocks with AOP
[    1.000654] initcall aop_qmp_clk_init+0x0/0x20 returned 0 after 2500 usecs
[    1.000670] calling  clk_rpmh_init+0x0/0x20 @ 1
[    1.002109] clk-rpmh soc:qcom,rpmhclk: Registered RPMh clocks
[    1.003442] initcall clk_rpmh_init+0x0/0x20 returned 0 after 2690 usecs
[    1.003458] calling  disp_cc_sdm845_init+0x0/0x20 @ 1
[    1.006299] disp_cc-sdm845 af00000.qcom,dispcc: Registered Display CC clocks
[    1.007598] initcall disp_cc_sdm845_init+0x0/0x20 returned 0 after 4026 usecs
[    1.007615] calling  gcc_sdm845_init+0x0/0x24 @ 1
[    1.032392] gcc-sdm845 100000.qcom,gcc: Registered GCC clocks
[    1.033758] initcall gcc_sdm845_init+0x0/0x24 returned 0 after 25513 usecs
[    1.033774] calling  gpu_cc_sdm845_init+0x0/0x24 @ 1
[    1.036434] clk: gpu_cc_gmu_clk_src: set OPP pair(19200000 Hz: 49 uV) on 506a000.qcom,gmu
[    1.036840] clk: gpu_cc_gmu_clk_src: set OPP pair(500000000 Hz: 129 uV) on 506a000.qcom,gmu
[    1.037131] gpu_cc-sdm845 5090000.qcom,gpucc: Registered GPU CC clocks
[    1.038426] initcall gpu_cc_sdm845_init+0x0/0x24 returned 0 after 4526 usecs
[    1.038442] calling  gpu_cc_gfx_sdm845_init+0x0/0x20 @ 1
[    1.040447] clk: gpu_cc_gx_gfx3d_clk_src: set OPP pair(180000000 Hz: 49 uV) on 5000000.qcom,kgsl-3d0
[    1.041790] clk: gpu_cc_gx_gfx3d_clk_src: set OPP pair(710000000 Hz: 417 uV) on 5000000.qcom,kgsl-3d0
[    1.041888] gfxcc-sdm845 5090000.qcom,gfxcc: Registered GFX CC clocks
[    1.043184] initcall gpu_cc_gfx_sdm845_init+0x0/0x20 returned 0 after 4613 usecs
[    1.043199] calling  video_cc_sdm845_init+0x0/0x20 @ 1
[    1.044993] video_cc-sdm845 ab00000.qcom,videocc: Registered Video CC clocks
[    1.046297] initcall video_cc_sdm845_init+0x0/0x20 returned 0 after 3008 usecs
[    1.046313] calling  cpuss_dump_init+0x0/0x20 @ 1
[    1.059418] initcall cpuss_dump_init+0x0/0x20 returned 0 after 12779 usecs
[    1.059434] calling  socinfo_init+0x0/0x778 @ 1
[    1.060085] KPI: Bootloader start count = 77684
[    1.060099] KPI: Bootloader end count = 1352254
[    1.060113] KPI: Bootloader display count = 529007178
[    1.060126] KPI: Bootloader load kernel count = 950
[    1.060140] KPI: Kernel MPM timestamp = 1393805
[    1.060153] KPI: Kernel MPM Clock frequency = 32768
[    1.060196] socinfo_print: v0.15, id=341, ver=2.1, raw_id=142, raw_ver=2, hw_plat=8, hw_plat_ver=65536
                accessory_chip=0, hw_plat_subtype=0, pmic_model=65556, pmic_die_revision=131072 foundry_id=0 serial_number=697362644 num_pmics=3 chip_family=0x4f raw_device_family=0x6 raw_device_number=0x0 nproduct_id=0x3f4 num_clusters=0x1 ncluster_array_offset=0xb0 num_defective_parts=0x6 ndefective_parts_array_offset=0xb4 nmodem_supported=0xff
[    1.060212] initcall socinfo_init+0x0/0x778 returned 0 after 744 usecs
[    1.060227] calling  msm_minidump_init+0x0/0x534 @ 1
[    1.060370] Minidump: Enabled with max number of regions 200
[    1.060385] initcall msm_minidump_init+0x0/0x534 returned 0 after 139 usecs
[    1.060400] calling  msm_bus_device_init_driver+0x0/0x64 @ 1
[    1.060415] msm_bus_fabric_rpmh_init_driver
[    1.061791] msm_bus: Probe started
[    1.066565] msm_bus_device 16e0000.ad-hoc-bus: Bus type is missing
[    1.066922] msm_bus_device 16e0000.ad-hoc-bus: Bus type is missing
[    1.067022] msm_bus_device 16e0000.ad-hoc-bus: Bus type is missing
[    1.067384] msm_bus_device 16e0000.ad-hoc-bus: Bus type is missing
[    1.084504] msm_bus: DT Parsing complete
[    1.093473] msm_bus_fab_init_noc_ops: Invalid Bus type
[    1.094225] msm_bus_fab_init_noc_ops: Invalid Bus type
[    1.094425] msm_bus_fab_init_noc_ops: Invalid Bus type
[    1.095168] msm_bus_fab_init_noc_ops: Invalid Bus type
[    1.165053] initcall msm_bus_device_init_driver+0x0/0x64 returned 0 after 102180 usecs
[    1.165073] calling  regulator_fixed_voltage_init+0x0/0x20 @ 1
[    1.166716] reg-fixed-voltage 1.gpio-regulator: could not find pctldev for node /soc/qcom,spmi@c440000/qcom,pm8998@0/pinctrl@c000/camera_rear_dvdd_en/camera_rear_dvdd_en_default, deferring probe
[    1.166792] reg-fixed-voltage 2.gpio-regulator: could not find pctldev for node /soc/qcom,spmi@c440000/qcom,pm8998@0/pinctrl@c000/camera_dvdd_en/camera_dvdd_en_default, deferring probe
[    1.170705] initcall regulator_fixed_voltage_init+0x0/0x20 returned 0 after 5481 usecs
[    1.170720] calling  gpio_regulator_init+0x0/0x20 @ 1
[    1.172407] initcall gpio_regulator_init+0x0/0x20 returned 0 after 1630 usecs
[    1.172423] calling  misc_init+0x0/0xdc @ 1
[    1.172495] initcall misc_init+0x0/0xdc returned 0 after 55 usecs
[    1.172510] calling  arm_smmu_init+0x0/0x130 @ 1
[    1.176458] arm-smmu 5040000.arm,smmu-kgsl: 	(IDR0.CTTW overridden by dma-coherent property)
[    1.176533] arm-smmu 5040000.arm,smmu-kgsl: 	stream matching with 5 register groups, mask 0x7
[    1.176648] arm-smmu 5040000.arm,smmu-kgsl: found 8 context interrupt(s) but have 5 context banks. assuming 5 context interrupts.
[    1.184464] register_client_adhoc:find path.src 139 dest 627
[    1.185667] register_client_adhoc:Client handle 1 apps_smmu
[    1.185982] arm-smmu 15000000.apps-smmu: 	(IDR0.CTTW overridden by dma-coherent property)
[    1.186048] arm-smmu 15000000.apps-smmu: 	stream matching with 76 register groups, mask 0x7fff
[    1.186400] arm-smmu 15000000.apps-smmu: found 64 context interrupt(s) but have 45 context banks. assuming 45 context interrupts.
[    1.188043] register_client_adhoc:find path.src 139 dest 627
[    1.189112] register_client_adhoc:Client handle 2 apps_smmu
[    1.190291] register_client_adhoc:find path.src 139 dest 627
[    1.191360] register_client_adhoc:Client handle 3 apps_smmu
[    1.192464] register_client_adhoc:find path.src 22 dest 773
[    1.193021] register_client_adhoc:Client handle 4 mnoc_hf_0_tbu
[    1.194103] register_client_adhoc:find path.src 22 dest 773
[    1.194645] register_client_adhoc:Client handle 5 mnoc_hf_1_tbu
[    1.195684] register_client_adhoc:find path.src 137 dest 772
[    1.196239] register_client_adhoc:Client handle 6 mnoc_sf_0_tbu
[    1.197124] register_client_adhoc:find path.src 139 dest 627
[    1.198227] register_client_adhoc:Client handle 7 apps_smmu
[    1.199276] register_client_adhoc:find path.src 139 dest 627
[    1.200381] register_client_adhoc:Client handle 8 apps_smmu
[    1.201467] register_client_adhoc:find path.src 139 dest 627
[    1.202528] register_client_adhoc:Client handle 9 apps_smmu
[    1.205200] iommu: Adding device ae00000.qcom,mdss_mdp to group 0
[    1.205486] iommu: Adding device 8c0000.qcom,qupv3_0_geni_se:qcom,iommu_qupv3_0_geni_se_cb to group 1
[    1.205755] iommu: Adding device ac0000.qcom,qupv3_1_geni_se:qcom,iommu_qupv3_1_geni_se_cb to group 2
[    1.206196] iommu: Adding device 1de0000.qcedev to group 3
[    1.206461] iommu: Adding device 1de0000.qcrypto to group 4
[    1.206737] iommu: Adding device 18800000.qcom,icnss to group 5
[    1.207002] iommu: Adding device 800000.qcom,gpi-dma to group 6
[    1.207269] iommu: Adding device a00000.qcom,gpi-dma to group 7
[    1.207541] iommu: Adding device 88a7000.msm_tspp to group 8
[    1.207839] iommu: Adding device soc:apps_iommu_test_device to group 8
[    1.208075] iommu: Adding device soc:apps_iommu_coherent_test_device to group 8
[    1.208457] iommu: Adding device soc:qcom,msm-audio-ion to group 9
[    1.208761] iommu: Adding device a600000.ssusb to group 10
[    1.209027] iommu: Adding device soc:usb_audio_qmi_dev to group 11
[    1.209288] iommu: Adding device a800000.ssusb to group 12
[    1.211134] initcall arm_smmu_init+0x0/0x130 returned 0 after 37694 usecs
[    1.211152] calling  vga_arb_device_init+0x0/0xf8 @ 1
[    1.211489] vgaarb: loaded
[    1.211506] initcall vga_arb_device_init+0x0/0xf8 returned 0 after 329 usecs
[    1.211524] calling  dma_buf_init+0x0/0xb4 @ 1
[    1.211584] initcall dma_buf_init+0x0/0xb4 returned 0 after 43 usecs
[    1.211599] calling  init_scsi+0x0/0x9c @ 1
[    1.212079] SCSI subsystem initialized
[    1.212095] initcall init_scsi+0x0/0x9c returned 0 after 469 usecs
[    1.212112] calling  phy_init+0x0/0x4c @ 1
[    1.212289] initcall phy_init+0x0/0x4c returned 0 after 158 usecs
[    1.212306] calling  usb_init+0x0/0x170 @ 1
[    1.212567] usbcore: registered new interface driver usbfs
[    1.212680] usbcore: registered new interface driver hub
[    1.212941] usbcore: registered new device driver usb
[    1.212960] initcall usb_init+0x0/0x170 returned 0 after 623 usecs
[    1.212978] calling  dual_role_class_init+0x0/0x8c @ 1
[    1.213019] initcall dual_role_class_init+0x0/0x8c returned 0 after 24 usecs
[    1.213034] calling  usb_phy_generic_init+0x0/0x20 @ 1
[    1.215556] soc:usb_nop_phy supply vcc not found, using dummy regulator
[    1.215929] initcall usb_phy_generic_init+0x0/0x20 returned 0 after 2810 usecs
[    1.215945] calling  usb_udc_init+0x0/0x68 @ 1
[    1.215983] initcall usb_udc_init+0x0/0x68 returned 0 after 22 usecs
[    1.215998] calling  serio_init+0x0/0x44 @ 1
[    1.216076] initcall serio_init+0x0/0x44 returned 0 after 60 usecs
[    1.216091] calling  input_init+0x0/0x128 @ 1
[    1.216174] initcall input_init+0x0/0x128 returned 0 after 66 usecs
[    1.216189] calling  qpnp_pon_init+0x0/0x20 @ 1
[    1.216744] qcom,qpnp-power-on c440000.qcom,spmi:qcom,pm8998@0:qcom,power-on@800: PMIC@SID0 Power-on reason: Triggered from PON1 (secondary PMIC) and 'cold' boot
[    1.216784] qcom,qpnp-power-on c440000.qcom,spmi:qcom,pm8998@0:qcom,power-on@800: PMIC@SID0: Power-off reason: Triggered from PS_HOLD (PS_HOLD/MSM controlled shutdown)
[    1.217351] input: qpnp_pon as /devices/virtual/input/input0
[    1.218459] qcom,qpnp-power-on c440000.qcom,spmi:qcom,pmi8998@2:qcom,power-on@800: No PON config. specified
[    1.218525] qcom,qpnp-power-on c440000.qcom,spmi:qcom,pmi8998@2:qcom,power-on@800: PMIC@SID2 Power-on reason: Triggered from PON1 (secondary PMIC) and 'cold' boot
[    1.218563] qcom,qpnp-power-on c440000.qcom,spmi:qcom,pmi8998@2:qcom,power-on@800: PMIC@SID2: Power-off reason: Triggered from GP1 (Keypad_Reset1)
[    1.220327] initcall qpnp_pon_init+0x0/0x20 returned 0 after 4023 usecs
[    1.220343] calling  rtc_init+0x0/0x68 @ 1
[    1.220385] initcall rtc_init+0x0/0x68 returned 0 after 25 usecs
[    1.220403] calling  media_devnode_init+0x0/0x90 @ 1
[    1.220417] media: Linux media interface: v0.10
[    1.220494] initcall media_devnode_init+0x0/0x90 returned 0 after 74 usecs
[    1.220509] calling  videodev_init+0x0/0x98 @ 1
[    1.220523] Linux video capture interface: v2.00
[    1.220572] initcall videodev_init+0x0/0x98 returned 0 after 46 usecs
[    1.220587] calling  init_dvbdev+0x0/0xf0 @ 1
[    1.220643] initcall init_dvbdev+0x0/0xf0 returned 0 after 38 usecs
[    1.220658] calling  power_supply_class_init+0x0/0x5c @ 1
[    1.220693] initcall power_supply_class_init+0x0/0x5c returned 0 after 19 usecs
[    1.220709] calling  hwmon_init+0x0/0x44 @ 1
[    1.220743] initcall hwmon_init+0x0/0x44 returned 0 after 18 usecs
[    1.220758] calling  thermal_init+0x0/0x100 @ 1
[    1.246862] initcall thermal_init+0x0/0x100 returned 0 after 25473 usecs
[    1.246878] calling  tsens_tm_init_driver+0x0/0x24 @ 1
[    1.267255] initcall tsens_tm_init_driver+0x0/0x24 returned 0 after 19881 usecs
[    1.267272] calling  edac_init+0x0/0x88 @ 1
[    1.267286] EDAC MC: Ver: 3.0.0
[    1.267793] initcall edac_init+0x0/0x88 returned 0 after 491 usecs
[    1.267810] calling  mmc_init+0x0/0x48 @ 1
[    1.267967] initcall mmc_init+0x0/0x48 returned 0 after 137 usecs
[    1.267982] calling  leds_init+0x0/0x68 @ 1
[    1.268016] initcall leds_init+0x0/0x68 returned 0 after 19 usecs
[    1.268032] calling  qpnp_wled_init+0x0/0x20 @ 1
[    1.269857] initcall qpnp_wled_init+0x0/0x20 returned 0 after 1766 usecs
[    1.269872] calling  dmi_init+0x0/0x118 @ 1
[    1.269887] dmi: Firmware registration failed.
[    1.269902] initcall dmi_init+0x0/0x118 returned -61 after 14 usecs
[    1.269916] calling  qcom_scm_init+0x0/0x7c @ 1
[    1.271274] initcall qcom_scm_init+0x0/0x7c returned -19 after 1308 usecs
[    1.271289] calling  efisubsys_init+0x0/0x124 @ 1
[    1.271305] initcall efisubsys_init+0x0/0x124 returned 0 after 1 usecs
[    1.271321] calling  register_gop_device+0x0/0x98 @ 1
[    1.271336] initcall register_gop_device+0x0/0x98 returned 0 after 0 usecs
[    1.271353] calling  msm_ion_init+0x0/0x20 @ 1
[    1.273281] platform soc:qcom,ion:qcom,ion-heap@22: assigned reserved memory node adsp_region
[    1.273930] platform soc:qcom,ion:qcom,ion-heap@27: assigned reserved memory node qseecom_region@0x8ab00000
[    1.274423] platform soc:qcom,ion:qcom,ion-heap@19: assigned reserved memory node qseecom_ta_region
[    1.274872] platform soc:qcom,ion:qcom,ion-heap@13: assigned reserved memory node secure_sp_region
[    1.275319] platform soc:qcom,ion:qcom,ion-heap@10: assigned reserved memory node secure_display_region
[    1.276598] ION heap system created
[    1.276858] ION heap adsp created at 0x00000000fcc00000 with size 1000000
[    1.276892] ION heap qsecom created at 0x000000008ab00000 with size 1400000
[    1.276925] ION heap qsecom_ta created at 0x00000000f6000000 with size 1000000
[    1.276959] ION heap spss created at 0x00000000f5800000 with size 800000
[    1.276991] ION heap secure_display created at 0x00000000f7000000 with size 5c00000
[    1.277026] ION heap secure_heap created
[    1.277784] initcall msm_ion_init+0x0/0x20 returned 0 after 6263 usecs
[    1.277800] calling  ipa_module_init+0x0/0x3c @ 1
[    1.279503] ipa ipa3_tz_unlock_reg:4876 Bad parameters
[    1.279525] ipa ipa3_pre_init:5075 Failed to unlock memory region using TZ
[    1.280066] register_client_adhoc:find path.src 90 dest 512
[    1.282749] register_client_adhoc:find path.src 90 dest 585
[    1.283884] register_client_adhoc:find path.src 1 dest 676
[    1.285711] register_client_adhoc:find path.src 143 dest 777
[    1.286236] register_client_adhoc:Client handle 10 ipa
[    1.286915] ipa ipa3_uc_state_check:284 uC interface not initialized
[    1.288186] ipa ipa3_uc_state_check:284 uC interface not initialized
[    1.289966] iommu: Adding device 1e00000.qcom,ipa:ipa_smmu_ap to group 13
[    1.290813] iommu: Adding device 1e00000.qcom,ipa:ipa_smmu_wlan to group 14
[    1.291608] iommu: Adding device 1e00000.qcom,ipa:ipa_smmu_uc to group 15
[    1.293422] initcall ipa_module_init+0x0/0x3c returned 0 after 15239 usecs
[    1.293438] calling  qpnp_revid_init+0x0/0x20 @ 1
[    1.293954] PMIC@SID0: PM8998 v2.0 options: 0, 0, 0, 0
[    1.294189] PMIC@SID4: PM8005 v2.0 options: 0, 0, 0, 0
[    1.294403] PMIC@SID2: PMI8998 v2.1 options: 0, 0, 0, 0
[    1.295872] initcall qpnp_revid_init+0x0/0x20 returned 0 after 2361 usecs
[    1.295889] calling  msm_ext_disp_init+0x0/0x50 @ 1
[    1.298496] initcall msm_ext_disp_init+0x0/0x50 returned 0 after 2529 usecs
[    1.298515] calling  devfreq_init+0x0/0xc8 @ 1
[    1.298789] initcall devfreq_init+0x0/0xc8 returned 0 after 249 usecs
[    1.298805] calling  devfreq_simple_ondemand_init+0x0/0x1c @ 1
[    1.298823] initcall devfreq_simple_ondemand_init+0x0/0x1c returned 0 after 2 usecs
[    1.298837] calling  devfreq_performance_init+0x0/0x1c @ 1
[    1.298853] initcall devfreq_performance_init+0x0/0x1c returned 0 after 1 usecs
[    1.298868] calling  devfreq_powersave_init+0x0/0x1c @ 1
[    1.298884] initcall devfreq_powersave_init+0x0/0x1c returned 0 after 1 usecs
[    1.298897] calling  devfreq_userspace_init+0x0/0x1c @ 1
[    1.298912] initcall devfreq_userspace_init+0x0/0x1c returned 0 after 0 usecs
[    1.298926] calling  devfreq_cpufreq_init+0x0/0x268 @ 1
[    1.299123] initcall devfreq_cpufreq_init+0x0/0x268 returned 0 after 177 usecs
[    1.299137] calling  msm_adreno_tz_init+0x0/0x58 @ 1
[    1.299375] initcall msm_adreno_tz_init+0x0/0x58 returned 0 after 216 usecs
[    1.299391] calling  devfreq_vbif_init+0x0/0x1c @ 1
[    1.299407] initcall devfreq_vbif_init+0x0/0x1c returned 0 after 1 usecs
[    1.299421] calling  devfreq_gpubw_init+0x0/0x20 @ 1
[    1.299436] initcall devfreq_gpubw_init+0x0/0x20 returned 0 after 0 usecs
[    1.299449] calling  iio_init+0x0/0xa4 @ 1
[    1.299588] initcall iio_init+0x0/0xa4 returned 0 after 120 usecs
[    1.299611] calling  arm_pmu_hp_init+0x0/0x68 @ 1
[    1.299628] initcall arm_pmu_hp_init+0x0/0x68 returned 0 after 2 usecs
[    1.299642] calling  ras_init+0x0/0x18 @ 1
[    1.299696] initcall ras_init+0x0/0x18 returned 0 after 38 usecs
[    1.299711] calling  esoc_init+0x0/0x80 @ 1
[    1.299860] esoc bus registration done
[    1.299875] initcall esoc_init+0x0/0x80 returned 0 after 146 usecs
[    1.299890] calling  init_soundcore+0x0/0x5c @ 1
[    1.299927] initcall init_soundcore+0x0/0x5c returned 0 after 20 usecs
[    1.299941] calling  alsa_sound_init+0x0/0xb8 @ 1
[    1.300066] Advanced Linux Sound Architecture Driver Initialized.
[    1.300082] initcall alsa_sound_init+0x0/0xb8 returned 0 after 122 usecs
[    1.300099] calling  audio_cal_init+0x0/0xd0 @ 1
[    1.300402] initcall audio_cal_init+0x0/0xd0 returned 0 after 279 usecs
[    1.300418] calling  audio_pdr_subsys_init+0x0/0x20 @ 1
[    1.300451] initcall audio_pdr_subsys_init+0x0/0x20 returned 0 after 16 usecs
[    1.300467] calling  audio_notifier_subsys_init+0x0/0x9c @ 1
[    1.300501] initcall audio_notifier_subsys_init+0x0/0x9c returned 0 after 18 usecs
[    1.300516] calling  proto_init+0x0/0x1c @ 1
[    1.300549] initcall proto_init+0x0/0x1c returned 0 after 18 usecs
[    1.300566] calling  net_dev_init+0x0/0x1c8 @ 1
[    1.301465] initcall net_dev_init+0x0/0x1c8 returned 0 after 861 usecs
[    1.301481] calling  neigh_init+0x0/0xa0 @ 1
[    1.301498] initcall neigh_init+0x0/0xa0 returned 0 after 2 usecs
[    1.301513] calling  fib_rules_init+0x0/0xd0 @ 1
[    1.301532] initcall fib_rules_init+0x0/0xd0 returned 0 after 3 usecs
[    1.301547] calling  pktsched_init+0x0/0x134 @ 1
[    1.301591] initcall pktsched_init+0x0/0x134 returned 0 after 27 usecs
[    1.301605] calling  tc_filter_init+0x0/0x70 @ 1
[    1.301621] initcall tc_filter_init+0x0/0x70 returned 0 after 0 usecs
[    1.301636] calling  tc_action_init+0x0/0x70 @ 1
[    1.301652] initcall tc_action_init+0x0/0x70 returned 0 after 0 usecs
[    1.301667] calling  genl_init+0x0/0x8c @ 1
[    1.301755] initcall genl_init+0x0/0x8c returned 0 after 70 usecs
[    1.301771] calling  sysfs_ipv4_init+0x0/0x5c @ 1
[    1.301848] initcall sysfs_ipv4_init+0x0/0x5c returned 0 after 60 usecs
[    1.301862] calling  ipv4_netfilter_init+0x0/0x1c @ 1
[    1.301878] initcall ipv4_netfilter_init+0x0/0x1c returned 0 after 1 usecs
[    1.301893] calling  cipso_v4_init+0x0/0x70 @ 1
[    1.301910] initcall cipso_v4_init+0x0/0x70 returned 0 after 2 usecs
[    1.301929] calling  bt_init+0x0/0xc4 @ 1
[    1.301944] Bluetooth: Core ver 2.22
[    1.302003] NET: Registered protocol family 31
[    1.302016] Bluetooth: HCI device and connection manager initialized
[    1.302045] Bluetooth: HCI socket layer initialized
[    1.302073] Bluetooth: L2CAP socket layer initialized
[    1.302156] Bluetooth: SCO socket layer initialized
[    1.302192] initcall bt_init+0x0/0xc4 returned 0 after 241 usecs
[    1.302209] calling  cfg80211_init+0x0/0xdc @ 1
[    1.303960] initcall cfg80211_init+0x0/0xdc returned 0 after 1693 usecs
[    1.303978] calling  wireless_nlevent_init+0x0/0x4c @ 1
[    1.304000] initcall wireless_nlevent_init+0x0/0x4c returned 0 after 7 usecs
[    1.304015] calling  netlbl_init+0x0/0x80 @ 1
[    1.304029] NetLabel: Initializing
[    1.304042] NetLabel:  domain hash size = 128
[    1.304055] NetLabel:  protocols = UNLABELED CIPSOv4
[    1.304150] NetLabel:  unlabeled traffic allowed by default
[    1.304165] initcall netlbl_init+0x0/0x80 returned 0 after 131 usecs
[    1.304180] calling  rfkill_init+0x0/0x8c @ 1
[    1.304482] initcall rfkill_init+0x0/0x8c returned 0 after 279 usecs
[    1.304503] calling  pcie_init+0x0/0x644 @ 1
[    1.304517] pcie:pcie_init.
[    1.313745] 1c00000.qcom,pcie supply vreg-3.3 not found, using dummy regulator
[    1.314706] 1c00000.qcom,pcie supply gdsc-smmu not found, using dummy regulator
[    1.315840] register_client_adhoc:find path.src 45 dest 512
[    1.318333] register_client_adhoc:Client handle 11 pcie0
[    1.318499] msm_pcie_get_resources: PCIe: RC0 can't get iatu resource.
[    1.318720] msm_pcie_get_resources: PCIe: RC0 can't get tcsr resource.
[    1.319162] msm_pcie_probe: PCIe: RC0 could not get pinctrl power_on state
[    1.319186] msm_pcie_probe: PCIe: RC0 could not get pinctrl sleep state
[    1.319670] msm_pcie_enable: PCIe: Assert the reset of endpoint of RC0.
[    1.325290] msm_pcie_enable: PCIe RC0 PHY is ready!
[    1.335343] msm_pcie_enable: PCIe: Release the reset of endpoint of RC0.
[    1.444353] msm_pcie_enable: PCIe: Assert the reset of endpoint of RC0.
[    1.444386] msm_pcie_enable: PCIe RC0 link initialization failed
[    1.444780] msm_pcie_enumerate: PCIe: failed to enable RC0.
[    1.444812] msm_pcie_probe: PCIe: RC0 is not enabled during bootup; it will be enumerated upon client request.
[    1.446099] 1c08000.qcom,pcie supply vreg-3.3 not found, using dummy regulator
[    1.447035] 1c08000.qcom,pcie supply gdsc-smmu not found, using dummy regulator
[    1.448107] register_client_adhoc:find path.src 100 dest 512
[    1.450562] register_client_adhoc:Client handle 12 pcie1
[    1.450694] msm_pcie_get_resources: PCIe: RC1 can't get iatu resource.
[    1.454851] msm_pcie_get_resources: PCIe: RC1 can't get tcsr resource.
[    1.455341] msm_pcie_probe: PCIe: RC1 could not get pinctrl power_on state
[    1.455369] msm_pcie_probe: PCIe: RC1 could not get pinctrl sleep state
[    1.455762] msm_pcie_enable: PCIe: Assert the reset of endpoint of RC1.
[    1.461977] msm_pcie_enable: PCIe RC1 PHY is ready!
[    1.472029] msm_pcie_enable: PCIe: Release the reset of endpoint of RC1.
[    1.509150] msm_pcie_enable: PCIe RC1 link initialized
[    1.509255] OF: PCI: host bridge /soc/qcom,pcie@0x1c08000 ranges:
[    1.509288] OF: PCI:   No bus range found for /soc/qcom,pcie@0x1c08000, using [bus 00-ff]
[    1.509394] OF: PCI:    IO 0x40200000..0x402fffff -> 0x40200000
[    1.509443] OF: PCI:   MEM 0x40300000..0x5fffffff -> 0x40300000
[    1.509937] pci-msm 1c08000.qcom,pcie: PCI host bridge to bus 0001:00
[    1.509967] pci_bus 0001:00: root bus resource [bus 00-ff]
[    1.509986] pci_bus 0001:00: root bus resource [io  0x0000-0xfffff] (bus address [0x40200000-0x402fffff])
[    1.510003] pci_bus 0001:00: root bus resource [mem 0x40300000-0x5fffffff]
[    1.510160] pci 0001:00:00.0: [17cb:0107] type 01 class 0x060400
[    1.510314] pci 0001:00:00.0: reg 0x10: [mem 0x00000000-0x00000fff 64bit]
[    1.510770] pci 0001:00:00.0: PME# supported from D0 D3hot D3cold
[    1.511729] iommu: Adding device 0001:00:00.0 to group 16
[    1.511970] pci 0001:00:00.0: bridge configuration invalid ([bus 00-00]), reconfiguring
[    1.512402] pci 0001:01:00.0: [144d:a809] type 00 class 0x010802
[    1.512520] pci 0001:01:00.0: reg 0x10: [mem 0x00000000-0x00003fff 64bit]
[    1.513895] iommu: Adding device 0001:01:00.0 to group 16
[    1.513964] pci_bus 0001:01: busn_res: [bus 01-ff] end is updated to 01
[    1.514089] pci 0001:00:00.0: bridge window [io  0x1000-0x0fff] to [bus 01] add_size 1000
[    1.514114] pci 0001:00:00.0: bridge window [mem 0x00100000-0x000fffff 64bit pref] to [bus 01] add_size 200000 add_align 100000
[    1.514137] pci 0001:00:00.0: bridge window [mem 0x00100000-0x001fffff] to [bus 01] add_size 200000 add_align 100000
[    1.514195] pci 0001:00:00.0: res[8]=[mem 0x00100000-0x001fffff] res_to_dev_res add_size 200000 min_align 100000
[    1.514212] pci 0001:00:00.0: res[8]=[mem 0x00100000-0x003fffff] res_to_dev_res add_size 200000 min_align 100000
[    1.514229] pci 0001:00:00.0: res[9]=[mem 0x00100000-0x000fffff 64bit pref] res_to_dev_res add_size 200000 min_align 100000
[    1.514245] pci 0001:00:00.0: res[9]=[mem 0x00100000-0x002fffff 64bit pref] res_to_dev_res add_size 200000 min_align 100000
[    1.514262] pci 0001:00:00.0: res[7]=[io  0x1000-0x0fff] res_to_dev_res add_size 1000 min_align 1000
[    1.514278] pci 0001:00:00.0: res[7]=[io  0x1000-0x1fff] res_to_dev_res add_size 1000 min_align 1000
[    1.514322] pci 0001:00:00.0: BAR 8: assigned [mem 0x40300000-0x405fffff]
[    1.514343] pci 0001:00:00.0: BAR 9: assigned [mem 0x40600000-0x407fffff 64bit pref]
[    1.514361] pci 0001:00:00.0: BAR 0: assigned [mem 0x40800000-0x40800fff 64bit]
[    1.514432] pci 0001:00:00.0: BAR 7: assigned [io  0x1000-0x1fff]
[    1.514468] pci 0001:01:00.0: BAR 0: assigned [mem 0x40300000-0x40303fff 64bit]
[    1.514546] pci 0001:00:00.0: PCI bridge to [bus 01]
[    1.514573] pci 0001:00:00.0:   bridge window [io  0x1000-0x1fff]
[    1.514610] pci 0001:00:00.0:   bridge window [mem 0x40300000-0x405fffff]
[    1.514642] pci 0001:00:00.0:   bridge window [mem 0x40600000-0x407fffff 64bit pref]
[    1.515041] msm_pcie_probe: RC1 is enabled in bootup
[    1.516425] initcall pcie_init+0x0/0x644 returned 0 after 206908 usecs
[    1.516454] calling  msm_bus_proxy_client_init_driver+0x0/0x40 @ 1
[    1.519812] initcall msm_bus_proxy_client_init_driver+0x0/0x40 returned 0 after 3253 usecs
[    1.519847] calling  deferred_probe_initcall+0x0/0x50 @ 1
[    1.523871] spmi spmi-1: SPMI PMIC arbiter debug bus controller added
[    1.525302] gpu_gx_gdsc: supplied by pm8005_s1_level
[    1.529559] clk: add_opp: Set OPP pair (300000000 Hz, 584000 uv) on cpu0
[    1.533395] clk: add_opp: Set OPP pair (1766400000 Hz, 796000 uv) on cpu0
[    1.533722] clk: add_opp: Set OPP pair (300000000 Hz, 584000 uv) on cpu1
[    1.537392] clk: add_opp: Set OPP pair (1766400000 Hz, 796000 uv) on cpu1
[    1.537692] clk: add_opp: Set OPP pair (300000000 Hz, 584000 uv) on cpu2
[    1.541404] clk: add_opp: Set OPP pair (1766400000 Hz, 796000 uv) on cpu2
[    1.541687] clk: add_opp: Set OPP pair (300000000 Hz, 584000 uv) on cpu3
[    1.545330] clk: add_opp: Set OPP pair (1766400000 Hz, 796000 uv) on cpu3
[    1.545660] clk: add_opp: Set OPP pair (825600000 Hz, 592000 uv) on cpu4
[    1.551338] clk: add_opp: Set OPP pair (2803200000 Hz, 1048000 uv) on cpu4
[    1.551635] clk: add_opp: Set OPP pair (825600000 Hz, 592000 uv) on cpu5
[    1.557185] clk: add_opp: Set OPP pair (2803200000 Hz, 1048000 uv) on cpu5
[    1.557492] clk: add_opp: Set OPP pair (825600000 Hz, 592000 uv) on cpu6
[    1.563042] clk: add_opp: Set OPP pair (2803200000 Hz, 1048000 uv) on cpu6
[    1.563366] clk: add_opp: Set OPP pair (825600000 Hz, 592000 uv) on cpu7
[    1.568958] clk: add_opp: Set OPP pair (2803200000 Hz, 1048000 uv) on cpu7
[    1.571315] clk: add_opp: Set OPP pair (300000000 Hz, 592000 uv) on soc:qcom,l3-cpu0
[    1.571329] clk: add_opp: Set OPP pair (300000000 Hz, 592000 uv) on soc:qcom,l3-cpu4
[    1.571343] clk: add_opp: Set OPP pair (300000000 Hz, 592000 uv) on soc:qcom,l3-cdsp
[    1.571360] clk: add_opp: Set OPP pair (300000000 Hz, 592000 uv) on 5000000.qcom,kgsl-3d0
[    1.582535] clk: add_opp: Set OPP pair (1478400000 Hz, 832000 uv) on soc:qcom,l3-cpu0
[    1.582552] clk: add_opp: Set OPP pair (1478400000 Hz, 832000 uv) on soc:qcom,l3-cpu4
[    1.582567] clk: add_opp: Set OPP pair (1478400000 Hz, 832000 uv) on soc:qcom,l3-cdsp
[    1.582583] clk: add_opp: Set OPP pair (1478400000 Hz, 832000 uv) on 5000000.qcom,kgsl-3d0
[    1.585995] cpufreq: driver osm-cpufreq up and running
[    1.586010] clk: clk_cpu_osm_driver_probe: OSM CPUFreq driver inited
[    1.586272] reg-fixed-voltage 1.gpio-regulator: could not find pctldev for node /soc/qcom,spmi@c440000/qcom,pm8998@0/pinctrl@c000/camera_rear_dvdd_en/camera_rear_dvdd_en_default, deferring probe
[    1.586573] reg-fixed-voltage 2.gpio-regulator: could not find pctldev for node /soc/qcom,spmi@c440000/qcom,pm8998@0/pinctrl@c000/camera_dvdd_en/camera_dvdd_en_default, deferring probe
[    1.588343] sched-energy energy-costs: cpu=0 eff=1024 [freq=300000 cap=65 power_d0=12] -> [freq=1766400 cap=381 power_d0=160]
[    1.588362] CPU0: update cpu_capacity 381
[    1.588378] sched-energy energy-costs: cpu=1 eff=1024 [freq=300000 cap=65 power_d0=12] -> [freq=1766400 cap=381 power_d0=160]
[    1.588390] CPU1: update cpu_capacity 381
[    1.588405] sched-energy energy-costs: cpu=2 eff=1024 [freq=300000 cap=65 power_d0=12] -> [freq=1766400 cap=381 power_d0=160]
[    1.588417] CPU2: update cpu_capacity 381
[    1.588434] sched-energy energy-costs: cpu=3 eff=1024 [freq=300000 cap=65 power_d0=12] -> [freq=1766400 cap=381 power_d0=160]
[    1.588446] CPU3: update cpu_capacity 381
[    1.588464] sched-energy energy-costs: cpu=4 eff=1740 [freq=300000 cap=110 power_d0=189] -> [freq=2956800 cap=1024 power_d0=60000]
[    1.588476] CPU4: update cpu_capacity 1024
[    1.588492] sched-energy energy-costs: cpu=5 eff=1740 [freq=300000 cap=110 power_d0=189] -> [freq=2956800 cap=1024 power_d0=60000]
[    1.588504] CPU5: update cpu_capacity 1024
[    1.588521] sched-energy energy-costs: cpu=6 eff=1740 [freq=300000 cap=110 power_d0=189] -> [freq=2956800 cap=1024 power_d0=60000]
[    1.588534] CPU6: update cpu_capacity 1024
[    1.588557] sched-energy energy-costs: cpu=7 eff=1740 [freq=300000 cap=110 power_d0=189] -> [freq=2956800 cap=1024 power_d0=60000]
[    1.588570] CPU7: update cpu_capacity 1024
[    1.588656] sched-energy energy-costs: Sched-energy-costs capacity updated
[    1.588880] reg-fixed-voltage 1.gpio-regulator: could not find pctldev for node /soc/qcom,spmi@c440000/qcom,pm8998@0/pinctrl@c000/camera_rear_dvdd_en/camera_rear_dvdd_en_default, deferring probe
[    1.589144] reg-fixed-voltage 2.gpio-regulator: could not find pctldev for node /soc/qcom,spmi@c440000/qcom,pm8998@0/pinctrl@c000/camera_dvdd_en/camera_dvdd_en_default, deferring probe
[    1.590643] initcall deferred_probe_initcall+0x0/0x50 returned 0 after 69098 usecs
[    1.591364] calling  create_debug_debugfs_entry+0x0/0x38 @ 1
[    1.591435] initcall create_debug_debugfs_entry+0x0/0x38 returned 0 after 52 usecs
[    1.591464] calling  dma_debug_do_init+0x0/0x8 @ 1
[    1.591480] initcall dma_debug_do_init+0x0/0x8 returned 0 after 2 usecs
[    1.591506] calling  sugov_register+0x0/0x1c @ 1
[    1.591526] initcall sugov_register+0x0/0x1c returned 0 after 4 usecs
[    1.591546] calling  clocksource_done_booting+0x0/0x5c @ 1
[    1.591571] clocksource: Switched to clocksource arch_sys_counter
[    1.591587] initcall clocksource_done_booting+0x0/0x5c returned 0 after 26 usecs
[    1.591604] calling  tracer_init_tracefs+0x0/0x1dc @ 1
[    1.606421] initcall tracer_init_tracefs+0x0/0x1dc returned 0 after 14445 usecs
[    1.606439] calling  init_trace_printk_function_export+0x0/0x40 @ 1
[    1.606477] initcall init_trace_printk_function_export+0x0/0x40 returned 0 after 21 usecs
[    1.606492] calling  init_graph_tracefs+0x0/0x44 @ 1
[    1.606526] initcall init_graph_tracefs+0x0/0x44 returned 0 after 19 usecs
[    1.606540] calling  event_trace_init+0x0/0x2e0 @ 1
[    1.706604] initcall event_trace_init+0x0/0x2e0 returned 0 after 97658 usecs
[    1.706633] calling  bpf_init+0x0/0x64 @ 1
[    1.706714] initcall bpf_init+0x0/0x64 returned 0 after 69 usecs
[    1.706731] calling  init_pipe_fs+0x0/0x5c @ 1
[    1.706880] initcall init_pipe_fs+0x0/0x5c returned 0 after 133 usecs
[    1.706892] calling  inotify_user_setup+0x0/0x50 @ 1
[    1.706921] initcall inotify_user_setup+0x0/0x50 returned 0 after 19 usecs
[    1.706929] calling  eventpoll_init+0x0/0xf8 @ 1
[    1.706950] initcall eventpoll_init+0x0/0xf8 returned 0 after 10 usecs
[    1.706959] calling  anon_inode_init+0x0/0x6c @ 1
[    1.707012] initcall anon_inode_init+0x0/0x6c returned 0 after 41 usecs
[    1.707021] calling  proc_locks_init+0x0/0x38 @ 1
[    1.707068] initcall proc_locks_init+0x0/0x38 returned 0 after 37 usecs
[    1.707078] calling  dquot_init+0x0/0x13c @ 1
[    1.707088] VFS: Disk quotas dquot_6.6.0
[    1.707278] VFS: Dquot-cache hash table entries: 512 (order 0, 4096 bytes)
[    1.707289] initcall dquot_init+0x0/0x13c returned 0 after 196 usecs
[    1.707297] calling  quota_init+0x0/0x38 @ 1
[    1.707379] initcall quota_init+0x0/0x38 returned 0 after 72 usecs
[    1.707388] calling  proc_cmdline_init+0x0/0x34 @ 1
[    1.707408] initcall proc_cmdline_init+0x0/0x34 returned 0 after 10 usecs
[    1.707416] calling  proc_consoles_init+0x0/0x38 @ 1
[    1.707433] initcall proc_consoles_init+0x0/0x38 returned 0 after 7 usecs
[    1.707443] calling  proc_cpuinfo_init+0x0/0x34 @ 1
[    1.707460] initcall proc_cpuinfo_init+0x0/0x34 returned 0 after 7 usecs
[    1.707467] calling  proc_devices_init+0x0/0x38 @ 1
[    1.707483] initcall proc_devices_init+0x0/0x38 returned 0 after 7 usecs
[    1.707491] calling  proc_interrupts_init+0x0/0x38 @ 1
[    1.707506] initcall proc_interrupts_init+0x0/0x38 returned 0 after 7 usecs
[    1.707514] calling  proc_loadavg_init+0x0/0x34 @ 1
[    1.707530] initcall proc_loadavg_init+0x0/0x34 returned 0 after 6 usecs
[    1.707538] calling  proc_meminfo_init+0x0/0x38 @ 1
[    1.707552] initcall proc_meminfo_init+0x0/0x38 returned 0 after 5 usecs
[    1.707560] calling  proc_stat_init+0x0/0x34 @ 1
[    1.707575] initcall proc_stat_init+0x0/0x34 returned 0 after 7 usecs
[    1.707583] calling  proc_uptime_init+0x0/0x34 @ 1
[    1.707599] initcall proc_uptime_init+0x0/0x34 returned 0 after 7 usecs
[    1.707608] calling  proc_version_init+0x0/0x34 @ 1
[    1.707623] initcall proc_version_init+0x0/0x34 returned 0 after 7 usecs
[    1.707631] calling  proc_softirqs_init+0x0/0x34 @ 1
[    1.707646] initcall proc_softirqs_init+0x0/0x34 returned 0 after 7 usecs
[    1.707655] calling  proc_kmsg_init+0x0/0x34 @ 1
[    1.707672] initcall proc_kmsg_init+0x0/0x34 returned 0 after 9 usecs
[    1.707680] calling  proc_page_init+0x0/0x5c @ 1
[    1.707700] initcall proc_page_init+0x0/0x5c returned 0 after 11 usecs
[    1.707715] calling  init_ramfs_fs+0x0/0x38 @ 1
[    1.707727] initcall init_ramfs_fs+0x0/0x38 returned 0 after 3 usecs
[    1.707739] calling  blk_scsi_ioctl_init+0x0/0xa0 @ 1
[    1.707751] initcall blk_scsi_ioctl_init+0x0/0xa0 returned 0 after 3 usecs
[    1.707762] calling  dynamic_debug_init_debugfs+0x0/0x8c @ 1
[    1.707821] initcall dynamic_debug_init_debugfs+0x0/0x8c returned 0 after 47 usecs
[    1.707834] calling  clk_debug_845_init+0x0/0x20 @ 1
[    1.709683] debugcc-sdm845 soc:qcom,cc-debug@100000: Registered debug mux successfully
[    1.711908] initcall clk_debug_845_init+0x0/0x20 returned 0 after 3963 usecs
[    1.711919] calling  mdss_pll_driver_init+0x0/0x48 @ 1
[    1.712125] mdss_pll_probe: MDSS pll label = MDSS DSI 0 PLL
[    1.712388] mdss_pll ae94a00.qcom,mdss_dsi_pll: Failed to create debugfs directory
[    1.712417] mdss_pll ae94a00.qcom,mdss_dsi_pll: Failed to create debugfs directory
[    1.712438] mdss_pll ae94a00.qcom,mdss_dsi_pll: Failed to create debugfs directory
[    1.712458] mdss_pll ae94a00.qcom,mdss_dsi_pll: Failed to create debugfs directory
[    1.712478] mdss_pll ae94a00.qcom,mdss_dsi_pll: Failed to create debugfs directory
[    1.712978] dsi_pll_clock_register_10nm: Registered DSI PLL ndx=0, clocks successfully
[    1.713046] mdss_pll_probe: MDSS pll label = MDSS DSI 1 PLL
[    1.713251] mdss_pll ae96a00.qcom,mdss_dsi_pll: Failed to create debugfs directory
[    1.713270] mdss_pll ae96a00.qcom,mdss_dsi_pll: Failed to create debugfs directory
[    1.713289] mdss_pll ae96a00.qcom,mdss_dsi_pll: Failed to create debugfs directory
[    1.713319] mdss_pll ae96a00.qcom,mdss_dsi_pll: Failed to create debugfs directory
[    1.713338] mdss_pll ae96a00.qcom,mdss_dsi_pll: Failed to create debugfs directory
[    1.718439] dsi_pll_10nm_lock_status: DSI PLL(1) lock failed, status=0x00000000
[    1.718644] dsi_pll_clock_register_10nm: Registered DSI PLL ndx=1, clocks successfully
[    1.718709] mdss_pll_probe: MDSS pll label = MDSS DP PLL
[    1.723137] initcall mdss_pll_driver_init+0x0/0x48 returned 0 after 10944 usecs
[    1.723149] calling  chr_dev_init+0x0/0xc4 @ 1
[    1.735989] initcall chr_dev_init+0x0/0xc4 returned 0 after 12525 usecs
[    1.736008] calling  firmware_class_init+0x0/0x50 @ 1
[    1.736048] initcall firmware_class_init+0x0/0x50 returned 0 after 29 usecs
[    1.736064] calling  thermal_netlink_init+0x0/0x50 @ 1
[    1.736140] initcall thermal_netlink_init+0x0/0x50 returned 0 after 64 usecs
[    1.736150] calling  cpufreq_gov_performance_init+0x0/0x1c @ 1
[    1.736165] initcall cpufreq_gov_performance_init+0x0/0x1c returned 0 after 6 usecs
[    1.736184] calling  sysctl_core_init+0x0/0x40 @ 1
[    1.736247] initcall sysctl_core_init+0x0/0x40 returned 0 after 52 usecs
[    1.736257] calling  eth_offload_init+0x0/0x20 @ 1
[    1.736273] initcall eth_offload_init+0x0/0x20 returned 0 after 4 usecs
[    1.736283] calling  inet_init+0x0/0x240 @ 1
[    1.736410] NET: Registered protocol family 2
[    1.737400] TCP established hash table entries: 32768 (order: 6, 262144 bytes)
[    1.737549] TCP bind hash table entries: 32768 (order: 7, 524288 bytes)
[    1.737964] TCP: Hash tables configured (established 32768 bind 32768)
[    1.738188] UDP hash table entries: 2048 (order: 4, 65536 bytes)
[    1.738243] UDP-Lite hash table entries: 2048 (order: 4, 65536 bytes)
[    1.738681] initcall inet_init+0x0/0x240 returned 0 after 2323 usecs
[    1.738691] calling  ipv4_offload_init+0x0/0x6c @ 1
[    1.738706] initcall ipv4_offload_init+0x0/0x6c returned 0 after 5 usecs
[    1.738718] calling  af_unix_init+0x0/0x64 @ 1
[    1.738745] NET: Registered protocol family 1
[    1.738781] initcall af_unix_init+0x0/0x64 returned 0 after 52 usecs
[    1.738794] calling  ipv6_offload_init+0x0/0x84 @ 1
[    1.738812] initcall ipv6_offload_init+0x0/0x84 returned 0 after 8 usecs
[    1.738821] calling  init_sunrpc+0x0/0x7c @ 1
[    1.739805] RPC: Registered named UNIX socket transport module.
[    1.739811] RPC: Registered udp transport module.
[    1.739818] RPC: Registered tcp transport module.
[    1.739824] RPC: Registered tcp NFSv4.1 backchannel transport module.
[    1.739832] initcall init_sunrpc+0x0/0x7c returned 0 after 976 usecs
[    1.739844] calling  pci_apply_final_quirks+0x0/0x160 @ 1
[    1.739912] PCI: CLS 0 bytes, default 128
[    1.739921] initcall pci_apply_final_quirks+0x0/0x160 returned 0 after 66 usecs
[    1.739943] calling  deferred_probe_initcall+0x0/0x50 @ 1
[    1.740353] reg-fixed-voltage 1.gpio-regulator: could not find pctldev for node /soc/qcom,spmi@c440000/qcom,pm8998@0/pinctrl@c000/camera_rear_dvdd_en/camera_rear_dvdd_en_default, deferring probe
[    1.740609] reg-fixed-voltage 2.gpio-regulator: could not find pctldev for node /soc/qcom,spmi@c440000/qcom,pm8998@0/pinctrl@c000/camera_dvdd_en/camera_dvdd_en_default, deferring probe
[    1.741622] initcall deferred_probe_initcall+0x0/0x50 returned 0 after 1625 usecs
[    1.741646] calling  populate_rootfs+0x0/0x138 @ 1
[    1.741888] initcall populate_rootfs+0x0/0x138 returned 0 after 224 usecs
[    1.742304] calling  register_kernel_offset_dumper+0x0/0x3c @ 1
[    1.742324] initcall register_kernel_offset_dumper+0x0/0x3c returned 0 after 9 usecs
[    1.742333] calling  cpuinfo_regs_init+0x0/0xe0 @ 1
[    1.742558] initcall cpuinfo_regs_init+0x0/0xe0 returned 0 after 210 usecs
[    1.742567] calling  armv8_pmu_driver_init+0x0/0x20 @ 1
[    1.743480] hw perfevents: enabled with armv8_pmuv3 PMU driver, 7 counters available
[    1.744803] initcall armv8_pmu_driver_init+0x0/0x20 returned 0 after 2175 usecs
[    1.744815] calling  register_mem_limit_dumper+0x0/0x2c @ 1
[    1.744830] initcall register_mem_limit_dumper+0x0/0x2c returned 0 after 5 usecs
[    1.744854] calling  ptdump_init+0x0/0x30 @ 1
[    1.744896] initcall ptdump_init+0x0/0x30 returned 0 after 32 usecs
[    1.744905] calling  cpu_feature_match_SHA1_init+0x0/0x30 @ 1
[    1.745185] initcall cpu_feature_match_SHA1_init+0x0/0x30 returned 0 after 263 usecs
[    1.745195] calling  cpu_feature_match_SHA2_init+0x0/0x34 @ 1
[    1.745736] initcall cpu_feature_match_SHA2_init+0x0/0x34 returned 0 after 518 usecs
[    1.745745] calling  cpu_feature_match_PMULL_init+0x0/0x30 @ 1
[    1.746045] initcall cpu_feature_match_PMULL_init+0x0/0x30 returned 0 after 284 usecs
[    1.746054] calling  cpu_feature_match_AES_init+0x0/0x30 @ 1
[    1.746276] initcall cpu_feature_match_AES_init+0x0/0x30 returned 0 after 206 usecs
[    1.746285] calling  aes_mod_init+0x0/0x30 @ 1
[    1.746483] initcall aes_mod_init+0x0/0x30 returned 0 after 184 usecs
[    1.746491] calling  cpu_feature_match_AES_init+0x0/0x34 @ 1
[    1.747963] initcall cpu_feature_match_AES_init+0x0/0x34 returned 0 after 1427 usecs
[    1.747972] calling  aes_init+0x0/0x20 @ 1
[    1.749429] initcall aes_init+0x0/0x20 returned 0 after 1413 usecs
[    1.749440] calling  cpu_feature_match_CRC32_init+0x0/0x5c @ 1
[    1.749806] initcall cpu_feature_match_CRC32_init+0x0/0x5c returned 0 after 348 usecs
[    1.749822] calling  proc_execdomains_init+0x0/0x34 @ 1
[    1.749853] initcall proc_execdomains_init+0x0/0x34 returned 0 after 20 usecs
[    1.749863] calling  cpuhp_sysfs_init+0x0/0xac @ 1
[    1.750099] initcall cpuhp_sysfs_init+0x0/0xac returned 0 after 220 usecs
[    1.750108] calling  ioresources_init+0x0/0x5c @ 1
[    1.750139] initcall ioresources_init+0x0/0x5c returned 0 after 20 usecs
[    1.750150] calling  irq_pm_init_ops+0x0/0x20 @ 1
[    1.750165] initcall irq_pm_init_ops+0x0/0x20 returned 0 after 5 usecs
[    1.750173] calling  init_posix_timers+0x0/0x1ec @ 1
[    1.750201] initcall init_posix_timers+0x0/0x1ec returned 0 after 18 usecs
[    1.750209] calling  init_posix_cpu_timers+0x0/0xf8 @ 1
[    1.750222] initcall init_posix_cpu_timers+0x0/0xf8 returned 0 after 4 usecs
[    1.750230] calling  timekeeping_init_ops+0x0/0x20 @ 1
[    1.750242] initcall timekeeping_init_ops+0x0/0x20 returned 0 after 1 usecs
[    1.750254] calling  init_clocksource_sysfs+0x0/0x6c @ 1
[    1.750476] initcall init_clocksource_sysfs+0x0/0x6c returned 0 after 206 usecs
[    1.750486] calling  init_timer_list_procfs+0x0/0x40 @ 1
[    1.750507] initcall init_timer_list_procfs+0x0/0x40 returned 0 after 11 usecs
[    1.750518] calling  alarmtimer_init+0x0/0x1b4 @ 1
[    1.751388] initcall alarmtimer_init+0x0/0x1b4 returned 0 after 839 usecs
[    1.751397] calling  clockevents_init_sysfs+0x0/0xf0 @ 1
[    1.752110] initcall clockevents_init_sysfs+0x0/0xf0 returned 0 after 687 usecs
[    1.752121] calling  sched_clock_syscore_init+0x0/0x24 @ 1
[    1.752131] initcall sched_clock_syscore_init+0x0/0x24 returned 0 after 1 usecs
[    1.752141] calling  proc_modules_init+0x0/0x38 @ 1
[    1.752163] initcall proc_modules_init+0x0/0x38 returned 0 after 11 usecs
[    1.752171] calling  kallsyms_init+0x0/0x38 @ 1
[    1.752187] initcall kallsyms_init+0x0/0x38 returned 0 after 6 usecs
[    1.752196] calling  ikconfig_init+0x0/0x48 @ 1
[    1.752213] initcall ikconfig_init+0x0/0x48 returned 0 after 8 usecs
[    1.752221] calling  audit_init+0x0/0xc0 @ 1
[    1.752233] audit: initializing netlink subsys (disabled)
[    1.752349] audit: type=2000 audit(1.749:1): initialized
[    1.752368] initcall audit_init+0x0/0xc0 returned 0 after 134 usecs
[    1.752376] calling  audit_watch_init+0x0/0x44 @ 1
[    1.752389] initcall audit_watch_init+0x0/0x44 returned 0 after 3 usecs
[    1.752399] calling  audit_fsnotify_init+0x0/0x44 @ 1
[    1.752408] initcall audit_fsnotify_init+0x0/0x44 returned 0 after 1 usecs
[    1.752418] calling  audit_tree_init+0x0/0x6c @ 1
[    1.752431] initcall audit_tree_init+0x0/0x6c returned 0 after 3 usecs
[    1.752441] calling  utsname_sysctl_init+0x0/0x20 @ 1
[    1.752519] initcall utsname_sysctl_init+0x0/0x20 returned 0 after 68 usecs
[    1.752528] calling  init_tracepoints+0x0/0x40 @ 1
[    1.752544] initcall init_tracepoints+0x0/0x40 returned 0 after 7 usecs
[    1.752552] calling  init_blk_tracer+0x0/0x70 @ 1
[    1.752636] initcall init_blk_tracer+0x0/0x70 returned 0 after 72 usecs
[    1.752650] calling  msm_rtb_init+0x0/0x2c @ 1
[    1.756955] initcall msm_rtb_init+0x0/0x2c returned 0 after 4189 usecs
[    1.756965] calling  ipc_logging_init+0x0/0x18 @ 1
[    1.756976] initcall ipc_logging_init+0x0/0x18 returned 0 after 2 usecs
[    1.756984] calling  perf_event_sysfs_init+0x0/0xb0 @ 1
[    1.757564] initcall perf_event_sysfs_init+0x0/0xb0 returned 0 after 557 usecs
[    1.757574] calling  system_trusted_keyring_init+0x0/0x68 @ 1
[    1.757582] Initialise system trusted keyrings
[    1.757620] initcall system_trusted_keyring_init+0x0/0x68 returned 0 after 36 usecs
[    1.757630] calling  kswapd_init+0x0/0x30 @ 1
[    1.757830] initcall kswapd_init+0x0/0x30 returned 0 after 186 usecs
[    1.757840] calling  extfrag_debug_init+0x0/0x94 @ 1
[    1.757900] initcall extfrag_debug_init+0x0/0x94 returned 0 after 49 usecs
[    1.757910] calling  setup_vmstat+0x0/0x204 @ 1
[    1.758332] initcall setup_vmstat+0x0/0x204 returned 0 after 400 usecs
[    1.758342] calling  mm_compute_batch_init+0x0/0x60 @ 1
[    1.758353] initcall mm_compute_batch_init+0x0/0x60 returned 0 after 1 usecs
[    1.758362] calling  slab_proc_init+0x0/0x38 @ 1
[    1.758380] initcall slab_proc_init+0x0/0x38 returned 0 after 7 usecs
[    1.758389] calling  workingset_init+0x0/0xa8 @ 1
[    1.758400] workingset: timestamp_bits=62 max_order=20 bucket_order=0
[    1.758414] initcall workingset_init+0x0/0xa8 returned 0 after 15 usecs
[    1.758422] calling  proc_vmalloc_init+0x0/0x38 @ 1
[    1.758440] initcall proc_vmalloc_init+0x0/0x38 returned 0 after 8 usecs
[    1.758448] calling  memblock_init_debugfs+0x0/0x8c @ 1
[    1.758530] initcall memblock_init_debugfs+0x0/0x8c returned 0 after 71 usecs
[    1.758540] calling  procswaps_init+0x0/0x38 @ 1
[    1.758561] initcall procswaps_init+0x0/0x38 returned 0 after 11 usecs
[    1.758571] calling  slab_sysfs_init+0x0/0x120 @ 1
[    1.768415] initcall slab_sysfs_init+0x0/0x120 returned 0 after 9602 usecs
[    1.768426] calling  init_cleancache+0x0/0xa4 @ 1
[    1.768505] initcall init_cleancache+0x0/0xa4 returned 0 after 67 usecs
[    1.768514] calling  zs_init+0x0/0xf8 @ 1
[    1.768659] initcall zs_init+0x0/0xf8 returned 0 after 131 usecs
[    1.768670] calling  fcntl_init+0x0/0x38 @ 1
[    1.768690] initcall fcntl_init+0x0/0x38 returned 0 after 10 usecs
[    1.768700] calling  proc_filesystems_init+0x0/0x34 @ 1
[    1.768718] initcall proc_filesystems_init+0x0/0x34 returned 0 after 9 usecs
[    1.768727] calling  start_dirtytime_writeback+0x0/0x3c @ 1
[    1.768745] initcall start_dirtytime_writeback+0x0/0x3c returned 0 after 8 usecs
[    1.768753] calling  dio_init+0x0/0x38 @ 1
[    1.768947] initcall dio_init+0x0/0x38 returned 0 after 179 usecs
[    1.768955] calling  dnotify_init+0x0/0x88 @ 1
[    1.768979] initcall dnotify_init+0x0/0x88 returned 0 after 16 usecs
[    1.768989] calling  aio_setup+0x0/0xc4 @ 1
[    1.769063] initcall aio_setup+0x0/0xc4 returned 0 after 63 usecs
[    1.769071] calling  fscrypt_init+0x0/0xb4 @ 1
[    1.769531] initcall fscrypt_init+0x0/0xb4 returned 0 after 439 usecs
[    1.769542] calling  init_sys32_ioctl+0x0/0x34 @ 1
[    1.769637] initcall init_sys32_ioctl+0x0/0x34 returned 0 after 85 usecs
[    1.769647] calling  mbcache_init+0x0/0x40 @ 1
[    1.769816] initcall mbcache_init+0x0/0x40 returned 0 after 156 usecs
[    1.769826] calling  init_grace+0x0/0x1c @ 1
[    1.769847] initcall init_grace+0x0/0x1c returned 0 after 12 usecs
[    1.769856] calling  init_v2_quota_format+0x0/0x34 @ 1
[    1.769869] initcall init_v2_quota_format+0x0/0x34 returned 0 after 4 usecs
[    1.769877] calling  init_devpts_fs+0x0/0x3c @ 1
[    1.769948] initcall init_devpts_fs+0x0/0x3c returned 0 after 60 usecs
[    1.769962] calling  ext4_init_fs+0x0/0x188 @ 1
[    1.770859] initcall ext4_init_fs+0x0/0x188 returned 0 after 867 usecs
[    1.770868] calling  journal_init+0x0/0x114 @ 1
[    1.771365] initcall journal_init+0x0/0x114 returned 0 after 475 usecs
[    1.771376] calling  init_fat_fs+0x0/0x5c @ 1
[    1.771677] initcall init_fat_fs+0x0/0x5c returned 0 after 285 usecs
[    1.771686] calling  init_vfat_fs+0x0/0x1c @ 1
[    1.771700] initcall init_vfat_fs+0x0/0x1c returned 0 after 3 usecs
[    1.771708] calling  init_msdos_fs+0x0/0x1c @ 1
[    1.771719] initcall init_msdos_fs+0x0/0x1c returned 0 after 1 usecs
[    1.771729] calling  ecryptfs_init+0x0/0x1c0 @ 1
[    1.772624] initcall ecryptfs_init+0x0/0x1c0 returned 0 after 863 usecs
[    1.772634] calling  init_sdcardfs_fs+0x0/0x5c @ 1
[    1.772643] Registering sdcardfs 0.1
[    1.773114] initcall init_sdcardfs_fs+0x0/0x5c returned 0 after 457 usecs
[    1.773124] calling  init_nfs_fs+0x0/0x148 @ 1
[    1.774058] initcall init_nfs_fs+0x0/0x148 returned 0 after 900 usecs
[    1.774068] calling  init_nfs_v2+0x0/0x20 @ 1
[    1.774083] initcall init_nfs_v2+0x0/0x20 returned 0 after 4 usecs
[    1.774094] calling  init_nfs_v3+0x0/0x20 @ 1
[    1.774107] initcall init_nfs_v3+0x0/0x20 returned 0 after 2 usecs
[    1.774117] calling  init_nfs_v4+0x0/0x48 @ 1
[    1.774130] NFS: Registering the id_resolver key type
[    1.774190] Key type id_resolver registered
[    1.774198] Key type id_legacy registered
[    1.774225] initcall init_nfs_v4+0x0/0x48 returned 0 after 95 usecs
[    1.774236] calling  nfs4filelayout_init+0x0/0x34 @ 1
[    1.774247] nfs4filelayout_init: NFSv4 File Layout Driver Registering...
[    1.774259] initcall nfs4filelayout_init+0x0/0x34 returned 0 after 13 usecs
[    1.774268] calling  nfs4blocklayout_init+0x0/0x68 @ 1
[    1.774292] initcall nfs4blocklayout_init+0x0/0x68 returned 0 after 15 usecs
[    1.774301] calling  init_nlm+0x0/0x7c @ 1
[    1.774345] initcall init_nlm+0x0/0x7c returned 0 after 34 usecs
[    1.774354] calling  init_nls_cp437+0x0/0x20 @ 1
[    1.774367] initcall init_nls_cp437+0x0/0x20 returned 0 after 4 usecs
[    1.774376] calling  init_nls_iso8859_1+0x0/0x20 @ 1
[    1.774389] initcall init_nls_iso8859_1+0x0/0x20 returned 0 after 2 usecs
[    1.774397] calling  fuse_init+0x0/0x19c @ 1
[    1.774408] fuse init (API version 7.26)
[    1.774979] initcall fuse_init+0x0/0x19c returned 0 after 558 usecs
[    1.774988] calling  ovl_init+0x0/0x1c @ 1
[    1.775001] initcall ovl_init+0x0/0x1c returned 0 after 3 usecs
[    1.775010] calling  init_f2fs_fs+0x0/0x108 @ 1
[    1.775613] initcall init_f2fs_fs+0x0/0x108 returned 0 after 580 usecs
[    1.775622] calling  init_pstore_fs+0x0/0x64 @ 1
[    1.775639] initcall init_pstore_fs+0x0/0x64 returned 0 after 8 usecs
[    1.775647] calling  efivarfs_init+0x0/0x48 @ 1
[    1.775656] initcall efivarfs_init+0x0/0x48 returned -19 after 1 usecs
[    1.775665] calling  key_proc_init+0x0/0x7c @ 1
[    1.775695] initcall key_proc_init+0x0/0x7c returned 0 after 20 usecs
[    1.775703] calling  selinux_nf_ip_init+0x0/0x58 @ 1
[    1.775714] SELinux:  Registering netfilter hooks
[    1.775750] initcall selinux_nf_ip_init+0x0/0x58 returned 0 after 38 usecs
[    1.775759] calling  init_sel_fs+0x0/0xb4 @ 1
[    1.776379] initcall init_sel_fs+0x0/0xb4 returned 0 after 597 usecs
[    1.776388] calling  selnl_init+0x0/0x88 @ 1
[    1.776448] initcall selnl_init+0x0/0x88 returned 0 after 50 usecs
[    1.776457] calling  sel_netif_init+0x0/0x58 @ 1
[    1.776477] initcall sel_netif_init+0x0/0x58 returned 0 after 11 usecs
[    1.776485] calling  sel_netnode_init+0x0/0x38 @ 1
[    1.776502] initcall sel_netnode_init+0x0/0x38 returned 0 after 8 usecs
[    1.776510] calling  sel_netport_init+0x0/0x38 @ 1
[    1.776523] initcall sel_netport_init+0x0/0x38 returned 0 after 4 usecs
[    1.776531] calling  aurule_init+0x0/0x34 @ 1
[    1.776543] initcall aurule_init+0x0/0x34 returned 0 after 2 usecs
[    1.776552] calling  init_smk_fs+0x0/0x14c @ 1
[    1.776562] initcall init_smk_fs+0x0/0x14c returned 0 after 1 usecs
[    1.776570] calling  pfk_init+0x0/0x94 @ 1
[    1.776581] pfk_ext4 [pfk_ext4_init]: PFK EXT4 inited successfully
[    1.776591] pfk_f2fs [pfk_f2fs_init]: PFK F2FS inited successfully
[    1.776605] pfk [pfk_init]: Driver initialized successfully
[    1.776614] initcall pfk_init+0x0/0x94 returned 0 after 34 usecs
[    1.776622] calling  pfk_kc_pre_init+0x0/0xfc @ 1
[    1.776640] initcall pfk_kc_pre_init+0x0/0xfc returned 0 after 10 usecs
[    1.776648] calling  crypto_algapi_init+0x0/0x18 @ 1
[    1.776666] initcall crypto_algapi_init+0x0/0x18 returned 0 after 8 usecs
[    1.776674] calling  seqiv_module_init+0x0/0x1c @ 1
[    1.776684] initcall seqiv_module_init+0x0/0x1c returned 0 after 1 usecs
[    1.776694] calling  echainiv_module_init+0x0/0x1c @ 1
[    1.776704] initcall echainiv_module_init+0x0/0x1c returned 0 after 1 usecs
[    1.776726] calling  rsa_init+0x0/0x60 @ 1
[    1.776973] initcall rsa_init+0x0/0x60 returned 0 after 232 usecs
[    1.776983] calling  crypto_cmac_module_init+0x0/0x1c @ 1
[    1.776993] initcall crypto_cmac_module_init+0x0/0x1c returned 0 after 0 usecs
[    1.777001] calling  hmac_module_init+0x0/0x1c @ 1
[    1.777011] initcall hmac_module_init+0x0/0x1c returned 0 after 1 usecs
[    1.777020] calling  crypto_xcbc_module_init+0x0/0x1c @ 1
[    1.777029] initcall crypto_xcbc_module_init+0x0/0x1c returned 0 after 1 usecs
[    1.777037] calling  crypto_null_mod_init+0x0/0x68 @ 1
[    1.777803] initcall crypto_null_mod_init+0x0/0x68 returned 0 after 739 usecs
[    1.777812] calling  md4_mod_init+0x0/0x1c @ 1
[    1.777997] initcall md4_mod_init+0x0/0x1c returned 0 after 173 usecs
[    1.778007] calling  md5_mod_init+0x0/0x1c @ 1
[    1.778195] initcall md5_mod_init+0x0/0x1c returned 0 after 174 usecs
[    1.778205] calling  sha1_generic_mod_init+0x0/0x1c @ 1
[    1.778393] initcall sha1_generic_mod_init+0x0/0x1c returned 0 after 174 usecs
[    1.778403] calling  sha256_generic_mod_init+0x0/0x20 @ 1
[    1.778783] initcall sha256_generic_mod_init+0x0/0x20 returned 0 after 362 usecs
[    1.778792] calling  sha512_generic_mod_init+0x0/0x20 @ 1
[    1.779186] initcall sha512_generic_mod_init+0x0/0x20 returned 0 after 375 usecs
[    1.779194] calling  crypto_ecb_module_init+0x0/0x1c @ 1
[    1.779204] initcall crypto_ecb_module_init+0x0/0x1c returned 0 after 0 usecs
[    1.779213] calling  crypto_cbc_module_init+0x0/0x1c @ 1
[    1.779222] initcall crypto_cbc_module_init+0x0/0x1c returned 0 after 0 usecs
[    1.779231] calling  crypto_cts_module_init+0x0/0x1c @ 1
[    1.779241] initcall crypto_cts_module_init+0x0/0x1c returned 0 after 1 usecs
[    1.779250] calling  crypto_module_init+0x0/0x1c @ 1
[    1.779258] initcall crypto_module_init+0x0/0x1c returned 0 after 0 usecs
[    1.779266] calling  crypto_ctr_module_init+0x0/0x58 @ 1
[    1.779276] initcall crypto_ctr_module_init+0x0/0x58 returned 0 after 1 usecs
[    1.779284] calling  crypto_gcm_module_init+0x0/0xd0 @ 1
[    1.779299] initcall crypto_gcm_module_init+0x0/0xd0 returned 0 after 6 usecs
[    1.779307] calling  des_generic_mod_init+0x0/0x20 @ 1
[    1.779672] initcall des_generic_mod_init+0x0/0x20 returned 0 after 347 usecs
[    1.779680] calling  twofish_mod_init+0x0/0x1c @ 1
[    1.779866] initcall twofish_mod_init+0x0/0x1c returned 0 after 173 usecs
[    1.779874] calling  aes_init+0x0/0x1c @ 1
[    1.780082] initcall aes_init+0x0/0x1c returned 0 after 193 usecs
[    1.780091] calling  arc4_init+0x0/0x20 @ 1
[    1.780559] initcall arc4_init+0x0/0x20 returned 0 after 448 usecs
[    1.780568] calling  deflate_mod_init+0x0/0x1c @ 1
[    1.780785] initcall deflate_mod_init+0x0/0x1c returned 0 after 203 usecs
[    1.780793] calling  crc32c_mod_init+0x0/0x1c @ 1
[    1.780987] initcall crc32c_mod_init+0x0/0x1c returned 0 after 180 usecs
[    1.780996] calling  crc32_mod_init+0x0/0x1c @ 1
[    1.781189] initcall crc32_mod_init+0x0/0x1c returned 0 after 179 usecs
[    1.781197] calling  crypto_authenc_module_init+0x0/0x1c @ 1
[    1.781208] initcall crypto_authenc_module_init+0x0/0x1c returned 0 after 1 usecs
[    1.781217] calling  crypto_authenc_esn_module_init+0x0/0x1c @ 1
[    1.781228] initcall crypto_authenc_esn_module_init+0x0/0x1c returned 0 after 1 usecs
[    1.781236] calling  lzo_mod_init+0x0/0x1c @ 1
[    1.781431] initcall lzo_mod_init+0x0/0x1c returned 0 after 180 usecs
[    1.781439] calling  prng_mod_init+0x0/0x20 @ 1
[    1.781632] initcall prng_mod_init+0x0/0x20 returned 0 after 179 usecs
[    1.781640] calling  drbg_init+0x0/0x1dc @ 1
[    1.783079] initcall drbg_init+0x0/0x1dc returned 0 after 1394 usecs
[    1.783088] calling  jent_mod_init+0x0/0x3c @ 1
[    1.783588] initcall jent_mod_init+0x0/0x3c returned 0 after 478 usecs
[    1.783596] calling  ghash_mod_init+0x0/0x1c @ 1
[    1.783789] initcall ghash_mod_init+0x0/0x1c returned 0 after 178 usecs
[    1.783799] calling  af_alg_init+0x0/0x5c @ 1
[    1.783815] NET: Registered protocol family 38
[    1.783824] initcall af_alg_init+0x0/0x5c returned 0 after 15 usecs
[    1.783834] calling  algif_hash_init+0x0/0x1c @ 1
[    1.783848] initcall algif_hash_init+0x0/0x1c returned 0 after 3 usecs
[    1.783858] calling  algif_skcipher_init+0x0/0x1c @ 1
[    1.783872] initcall algif_skcipher_init+0x0/0x1c returned 0 after 3 usecs
[    1.783880] calling  rng_init+0x0/0x1c @ 1
[    1.783893] initcall rng_init+0x0/0x1c returned 0 after 5 usecs
